Timing Analyzer report for doloso
Sat Jun 27 17:10:51 2026
Quartus Prime Version 25.1std.0 Build 1129 10/21/2025 SC Lite Edition


---------------------
; Table of Contents ;
---------------------
  1. Legal Notice
  2. Timing Analyzer Summary
  3. Parallel Compilation
  4. Clocks
  5. Fmax Summary
  6. Setup Summary
  7. Hold Summary
  8. Recovery Summary
  9. Removal Summary
 10. Minimum Pulse Width Summary
 11. Setup: 'clk_in'
 12. Setup: 'clk_div:inst_clk_div|clk_out'
 13. Hold: 'clk_in'
 14. Hold: 'clk_div:inst_clk_div|clk_out'
 15. Setup Transfers
 16. Hold Transfers
 17. Report TCCS
 18. Report RSKM
 19. Unconstrained Paths Summary
 20. Clock Status Summary
 21. Unconstrained Input Ports
 22. Unconstrained Output Ports
 23. Unconstrained Input Ports
 24. Unconstrained Output Ports
 25. Timing Analyzer Messages



----------------
; Legal Notice ;
----------------
Copyright (C) 2025  Altera Corporation. All rights reserved.
Your use of Altera Corporation's design tools, logic functions 
and other software and tools, and any partner logic 
functions, and any output files from any of the foregoing 
(including device programming or simulation files), and any 
associated documentation or information are expressly subject 
to the terms and conditions of the Altera Program License 
Subscription Agreement, the Altera Quartus Prime License Agreement,
the Altera IP License Agreement, or other applicable license
agreement, including, without limitation, that your use is for
the sole purpose of programming logic devices manufactured by
Altera and sold by Altera or its authorized distributors.  Please
refer to the Altera Software License Subscription Agreements 
on the Quartus Prime software download page.



+---------------------------------------------------------------------------------+
; Timing Analyzer Summary                                                         ;
+-----------------------+---------------------------------------------------------+
; Quartus Prime Version ; Version 25.1std.0 Build 1129 10/21/2025 SC Lite Edition ;
; Timing Analyzer       ; Legacy Timing Analyzer                                  ;
; Revision Name         ; doloso                                                  ;
; Device Family         ; MAX II                                                  ;
; Device Name           ; EPM240T100C5                                            ;
; Timing Models         ; Final                                                   ;
; Delay Model           ; Slow Model                                              ;
; Rise/Fall Delays      ; Unavailable                                             ;
+-----------------------+---------------------------------------------------------+


+------------------------------------------+
; Parallel Compilation                     ;
+----------------------------+-------------+
; Processors                 ; Number      ;
+----------------------------+-------------+
; Number detected on machine ; 4           ;
; Maximum allowed            ; 4           ;
;                            ;             ;
; Average used               ; 1.00        ;
; Maximum used               ; 1           ;
;                            ;             ;
; Usage by Processor         ; % Time Used ;
;     Processor 1            ; 100.0%      ;
+----------------------------+-------------+


+----------------------------------------------------------------------------------------------------------------------------------------------------------------------------------------------------------------------------+
; Clocks                                                                                                                                                                                                                     ;
+------------------------------+------+--------+------------+-------+-------+------------+-----------+-------------+-------+--------+-----------+------------+----------+--------+--------+----------------------------------+
; Clock Name                   ; Type ; Period ; Frequency  ; Rise  ; Fall  ; Duty Cycle ; Divide by ; Multiply by ; Phase ; Offset ; Edge List ; Edge Shift ; Inverted ; Master ; Source ; Targets                          ;
+------------------------------+------+--------+------------+-------+-------+------------+-----------+-------------+-------+--------+-----------+------------+----------+--------+--------+----------------------------------+
; clk_div:inst_clk_div|clk_out ; Base ; 1.000  ; 1000.0 MHz ; 0.000 ; 0.500 ;            ;           ;             ;       ;        ;           ;            ;          ;        ;        ; { clk_div:inst_clk_div|clk_out } ;
; clk_in                       ; Base ; 1.000  ; 1000.0 MHz ; 0.000 ; 0.500 ;            ;           ;             ;       ;        ;           ;            ;          ;        ;        ; { clk_in }                       ;
+------------------------------+------+--------+------------+-------+-------+------------+-----------+-------------+-------+--------+-----------+------------+----------+--------+--------+----------------------------------+


+--------------------------------------------------------------------+
; Fmax Summary                                                       ;
+------------+-----------------+------------------------------+------+
; Fmax       ; Restricted Fmax ; Clock Name                   ; Note ;
+------------+-----------------+------------------------------+------+
; 110.61 MHz ; 110.61 MHz      ; clk_in                       ;      ;
; 171.32 MHz ; 171.32 MHz      ; clk_div:inst_clk_div|clk_out ;      ;
+------------+-----------------+------------------------------+------+
This panel reports FMAX for every clock in the design, regardless of the user-specified clock periods.  FMAX is only computed for paths where the source and destination registers or ports are driven by the same clock.  Paths of different clocks, including generated clocks, are ignored.  For paths between a clock and its inversion, FMAX is computed as if the rising and falling edges are scaled along with FMAX, such that the duty cycle (in terms of a percentage) is maintained. Altera recommends that you always use clock constraints and other slack reports for sign-off analysis.


+-------------------------------------------------------+
; Setup Summary                                         ;
+------------------------------+--------+---------------+
; Clock                        ; Slack  ; End Point TNS ;
+------------------------------+--------+---------------+
; clk_in                       ; -8.041 ; -232.771      ;
; clk_div:inst_clk_div|clk_out ; -4.837 ; -73.115       ;
+------------------------------+--------+---------------+


+-------------------------------------------------------+
; Hold Summary                                          ;
+------------------------------+--------+---------------+
; Clock                        ; Slack  ; End Point TNS ;
+------------------------------+--------+---------------+
; clk_in                       ; -2.084 ; -2.084        ;
; clk_div:inst_clk_div|clk_out ; 1.078  ; 0.000         ;
+------------------------------+--------+---------------+


--------------------
; Recovery Summary ;
--------------------
No paths to report.


-------------------
; Removal Summary ;
-------------------
No paths to report.


+-------------------------------------------------------+
; Minimum Pulse Width Summary                           ;
+------------------------------+--------+---------------+
; Clock                        ; Slack  ; End Point TNS ;
+------------------------------+--------+---------------+
; clk_in                       ; -2.289 ; -2.289        ;
; clk_div:inst_clk_div|clk_out ; 0.234  ; 0.000         ;
+------------------------------+--------+---------------+


+------------------------------------------------------------------------------------------------------------------------------------------------------+
; Setup: 'clk_in'                                                                                                                                      ;
+--------+-----------------------------------+-----------------------------------+--------------+-------------+--------------+------------+------------+
; Slack  ; From Node                         ; To Node                           ; Launch Clock ; Latch Clock ; Relationship ; Clock Skew ; Data Delay ;
+--------+-----------------------------------+-----------------------------------+--------------+-------------+--------------+------------+------------+
; -8.041 ; clk_div:inst_clk_div|tick_cnt[1]  ; clk_div:inst_clk_div|tick_cnt[12] ; clk_in       ; clk_in      ; 1.000        ; 0.000      ; 8.708      ;
; -8.038 ; clk_div:inst_clk_div|tick_cnt[1]  ; clk_div:inst_clk_div|tick_cnt[24] ; clk_in       ; clk_in      ; 1.000        ; 0.000      ; 8.705      ;
; -8.030 ; clk_div:inst_clk_div|tick_cnt[1]  ; clk_div:inst_clk_div|tick_cnt[19] ; clk_in       ; clk_in      ; 1.000        ; 0.000      ; 8.697      ;
; -8.006 ; clk_div:inst_clk_div|tick_cnt[1]  ; clk_div:inst_clk_div|tick_cnt[11] ; clk_in       ; clk_in      ; 1.000        ; 0.000      ; 8.673      ;
; -8.004 ; clk_div:inst_clk_div|tick_cnt[1]  ; clk_div:inst_clk_div|tick_cnt[18] ; clk_in       ; clk_in      ; 1.000        ; 0.000      ; 8.671      ;
; -7.960 ; clk_div:inst_clk_div|tick_cnt[0]  ; clk_div:inst_clk_div|tick_cnt[20] ; clk_in       ; clk_in      ; 1.000        ; 0.000      ; 8.627      ;
; -7.957 ; clk_div:inst_clk_div|tick_cnt[1]  ; clk_div:inst_clk_div|tick_cnt[21] ; clk_in       ; clk_in      ; 1.000        ; 0.000      ; 8.624      ;
; -7.956 ; clk_div:inst_clk_div|tick_cnt[1]  ; clk_div:inst_clk_div|tick_cnt[20] ; clk_in       ; clk_in      ; 1.000        ; 0.000      ; 8.623      ;
; -7.951 ; clk_div:inst_clk_div|tick_cnt[1]  ; clk_div:inst_clk_div|tick_cnt[22] ; clk_in       ; clk_in      ; 1.000        ; 0.000      ; 8.618      ;
; -7.927 ; clk_div:inst_clk_div|tick_cnt[6]  ; clk_div:inst_clk_div|tick_cnt[20] ; clk_in       ; clk_in      ; 1.000        ; 0.000      ; 8.594      ;
; -7.898 ; clk_div:inst_clk_div|tick_cnt[3]  ; clk_div:inst_clk_div|tick_cnt[12] ; clk_in       ; clk_in      ; 1.000        ; 0.000      ; 8.565      ;
; -7.895 ; clk_div:inst_clk_div|tick_cnt[3]  ; clk_div:inst_clk_div|tick_cnt[24] ; clk_in       ; clk_in      ; 1.000        ; 0.000      ; 8.562      ;
; -7.887 ; clk_div:inst_clk_div|tick_cnt[3]  ; clk_div:inst_clk_div|tick_cnt[19] ; clk_in       ; clk_in      ; 1.000        ; 0.000      ; 8.554      ;
; -7.873 ; clk_div:inst_clk_div|tick_cnt[5]  ; clk_div:inst_clk_div|tick_cnt[20] ; clk_in       ; clk_in      ; 1.000        ; 0.000      ; 8.540      ;
; -7.869 ; clk_div:inst_clk_div|tick_cnt[1]  ; clk_div:inst_clk_div|tick_cnt[16] ; clk_in       ; clk_in      ; 1.000        ; 0.000      ; 8.536      ;
; -7.863 ; clk_div:inst_clk_div|tick_cnt[3]  ; clk_div:inst_clk_div|tick_cnt[11] ; clk_in       ; clk_in      ; 1.000        ; 0.000      ; 8.530      ;
; -7.861 ; clk_div:inst_clk_div|tick_cnt[3]  ; clk_div:inst_clk_div|tick_cnt[18] ; clk_in       ; clk_in      ; 1.000        ; 0.000      ; 8.528      ;
; -7.814 ; clk_div:inst_clk_div|tick_cnt[3]  ; clk_div:inst_clk_div|tick_cnt[21] ; clk_in       ; clk_in      ; 1.000        ; 0.000      ; 8.481      ;
; -7.813 ; clk_div:inst_clk_div|tick_cnt[3]  ; clk_div:inst_clk_div|tick_cnt[20] ; clk_in       ; clk_in      ; 1.000        ; 0.000      ; 8.480      ;
; -7.808 ; clk_div:inst_clk_div|tick_cnt[3]  ; clk_div:inst_clk_div|tick_cnt[22] ; clk_in       ; clk_in      ; 1.000        ; 0.000      ; 8.475      ;
; -7.795 ; clk_div:inst_clk_div|tick_cnt[7]  ; clk_div:inst_clk_div|tick_cnt[20] ; clk_in       ; clk_in      ; 1.000        ; 0.000      ; 8.462      ;
; -7.788 ; clk_div:inst_clk_div|tick_cnt[26] ; clk_div:inst_clk_div|tick_cnt[12] ; clk_in       ; clk_in      ; 1.000        ; 0.000      ; 8.455      ;
; -7.785 ; clk_div:inst_clk_div|tick_cnt[26] ; clk_div:inst_clk_div|tick_cnt[24] ; clk_in       ; clk_in      ; 1.000        ; 0.000      ; 8.452      ;
; -7.777 ; clk_div:inst_clk_div|tick_cnt[26] ; clk_div:inst_clk_div|tick_cnt[19] ; clk_in       ; clk_in      ; 1.000        ; 0.000      ; 8.444      ;
; -7.766 ; clk_div:inst_clk_div|tick_cnt[0]  ; clk_div:inst_clk_div|tick_cnt[6]  ; clk_in       ; clk_in      ; 1.000        ; 0.000      ; 8.433      ;
; -7.753 ; clk_div:inst_clk_div|tick_cnt[26] ; clk_div:inst_clk_div|tick_cnt[11] ; clk_in       ; clk_in      ; 1.000        ; 0.000      ; 8.420      ;
; -7.751 ; clk_div:inst_clk_div|tick_cnt[26] ; clk_div:inst_clk_div|tick_cnt[18] ; clk_in       ; clk_in      ; 1.000        ; 0.000      ; 8.418      ;
; -7.726 ; clk_div:inst_clk_div|tick_cnt[3]  ; clk_div:inst_clk_div|tick_cnt[16] ; clk_in       ; clk_in      ; 1.000        ; 0.000      ; 8.393      ;
; -7.704 ; clk_div:inst_clk_div|tick_cnt[26] ; clk_div:inst_clk_div|tick_cnt[21] ; clk_in       ; clk_in      ; 1.000        ; 0.000      ; 8.371      ;
; -7.703 ; clk_div:inst_clk_div|tick_cnt[26] ; clk_div:inst_clk_div|tick_cnt[20] ; clk_in       ; clk_in      ; 1.000        ; 0.000      ; 8.370      ;
; -7.698 ; clk_div:inst_clk_div|tick_cnt[26] ; clk_div:inst_clk_div|tick_cnt[22] ; clk_in       ; clk_in      ; 1.000        ; 0.000      ; 8.365      ;
; -7.689 ; clk_div:inst_clk_div|tick_cnt[8]  ; clk_div:inst_clk_div|tick_cnt[20] ; clk_in       ; clk_in      ; 1.000        ; 0.000      ; 8.356      ;
; -7.679 ; clk_div:inst_clk_div|tick_cnt[5]  ; clk_div:inst_clk_div|tick_cnt[6]  ; clk_in       ; clk_in      ; 1.000        ; 0.000      ; 8.346      ;
; -7.651 ; clk_div:inst_clk_div|tick_cnt[16] ; clk_div:inst_clk_div|tick_cnt[28] ; clk_in       ; clk_in      ; 1.000        ; 0.000      ; 8.318      ;
; -7.649 ; clk_div:inst_clk_div|tick_cnt[1]  ; clk_div:inst_clk_div|clk_out      ; clk_in       ; clk_in      ; 1.000        ; 0.000      ; 8.316      ;
; -7.638 ; clk_div:inst_clk_div|tick_cnt[0]  ; clk_div:inst_clk_div|tick_cnt[16] ; clk_in       ; clk_in      ; 1.000        ; 0.000      ; 8.305      ;
; -7.635 ; clk_div:inst_clk_div|tick_cnt[16] ; clk_div:inst_clk_div|tick_cnt[20] ; clk_in       ; clk_in      ; 1.000        ; 0.000      ; 8.302      ;
; -7.616 ; clk_div:inst_clk_div|tick_cnt[26] ; clk_div:inst_clk_div|tick_cnt[16] ; clk_in       ; clk_in      ; 1.000        ; 0.000      ; 8.283      ;
; -7.605 ; clk_div:inst_clk_div|tick_cnt[31] ; clk_div:inst_clk_div|tick_cnt[12] ; clk_in       ; clk_in      ; 1.000        ; 0.000      ; 8.272      ;
; -7.605 ; clk_div:inst_clk_div|tick_cnt[6]  ; clk_div:inst_clk_div|tick_cnt[16] ; clk_in       ; clk_in      ; 1.000        ; 0.000      ; 8.272      ;
; -7.602 ; clk_div:inst_clk_div|tick_cnt[31] ; clk_div:inst_clk_div|tick_cnt[24] ; clk_in       ; clk_in      ; 1.000        ; 0.000      ; 8.269      ;
; -7.599 ; clk_div:inst_clk_div|tick_cnt[11] ; clk_div:inst_clk_div|tick_cnt[20] ; clk_in       ; clk_in      ; 1.000        ; 0.000      ; 8.266      ;
; -7.594 ; clk_div:inst_clk_div|tick_cnt[31] ; clk_div:inst_clk_div|tick_cnt[19] ; clk_in       ; clk_in      ; 1.000        ; 0.000      ; 8.261      ;
; -7.585 ; clk_div:inst_clk_div|tick_cnt[9]  ; clk_div:inst_clk_div|tick_cnt[20] ; clk_in       ; clk_in      ; 1.000        ; 0.000      ; 8.252      ;
; -7.570 ; clk_div:inst_clk_div|tick_cnt[31] ; clk_div:inst_clk_div|tick_cnt[11] ; clk_in       ; clk_in      ; 1.000        ; 0.000      ; 8.237      ;
; -7.568 ; clk_div:inst_clk_div|tick_cnt[31] ; clk_div:inst_clk_div|tick_cnt[18] ; clk_in       ; clk_in      ; 1.000        ; 0.000      ; 8.235      ;
; -7.551 ; clk_div:inst_clk_div|tick_cnt[5]  ; clk_div:inst_clk_div|tick_cnt[16] ; clk_in       ; clk_in      ; 1.000        ; 0.000      ; 8.218      ;
; -7.547 ; clk_div:inst_clk_div|tick_cnt[7]  ; clk_div:inst_clk_div|tick_cnt[12] ; clk_in       ; clk_in      ; 1.000        ; 0.000      ; 8.214      ;
; -7.544 ; clk_div:inst_clk_div|tick_cnt[7]  ; clk_div:inst_clk_div|tick_cnt[24] ; clk_in       ; clk_in      ; 1.000        ; 0.000      ; 8.211      ;
; -7.542 ; clk_div:inst_clk_div|tick_cnt[0]  ; clk_div:inst_clk_div|tick_cnt[28] ; clk_in       ; clk_in      ; 1.000        ; 0.000      ; 8.209      ;
; -7.536 ; clk_div:inst_clk_div|tick_cnt[7]  ; clk_div:inst_clk_div|tick_cnt[19] ; clk_in       ; clk_in      ; 1.000        ; 0.000      ; 8.203      ;
; -7.523 ; clk_div:inst_clk_div|tick_cnt[12] ; clk_div:inst_clk_div|tick_cnt[20] ; clk_in       ; clk_in      ; 1.000        ; 0.000      ; 8.190      ;
; -7.521 ; clk_div:inst_clk_div|tick_cnt[31] ; clk_div:inst_clk_div|tick_cnt[21] ; clk_in       ; clk_in      ; 1.000        ; 0.000      ; 8.188      ;
; -7.520 ; clk_div:inst_clk_div|tick_cnt[31] ; clk_div:inst_clk_div|tick_cnt[20] ; clk_in       ; clk_in      ; 1.000        ; 0.000      ; 8.187      ;
; -7.515 ; clk_div:inst_clk_div|tick_cnt[31] ; clk_div:inst_clk_div|tick_cnt[22] ; clk_in       ; clk_in      ; 1.000        ; 0.000      ; 8.182      ;
; -7.512 ; clk_div:inst_clk_div|tick_cnt[7]  ; clk_div:inst_clk_div|tick_cnt[11] ; clk_in       ; clk_in      ; 1.000        ; 0.000      ; 8.179      ;
; -7.510 ; clk_div:inst_clk_div|tick_cnt[7]  ; clk_div:inst_clk_div|tick_cnt[18] ; clk_in       ; clk_in      ; 1.000        ; 0.000      ; 8.177      ;
; -7.509 ; clk_div:inst_clk_div|tick_cnt[6]  ; clk_div:inst_clk_div|tick_cnt[28] ; clk_in       ; clk_in      ; 1.000        ; 0.000      ; 8.176      ;
; -7.506 ; clk_div:inst_clk_div|tick_cnt[3]  ; clk_div:inst_clk_div|clk_out      ; clk_in       ; clk_in      ; 1.000        ; 0.000      ; 8.173      ;
; -7.492 ; clk_div:inst_clk_div|tick_cnt[11] ; clk_div:inst_clk_div|tick_cnt[12] ; clk_in       ; clk_in      ; 1.000        ; 0.000      ; 8.159      ;
; -7.489 ; clk_div:inst_clk_div|tick_cnt[11] ; clk_div:inst_clk_div|tick_cnt[24] ; clk_in       ; clk_in      ; 1.000        ; 0.000      ; 8.156      ;
; -7.481 ; clk_div:inst_clk_div|tick_cnt[11] ; clk_div:inst_clk_div|tick_cnt[19] ; clk_in       ; clk_in      ; 1.000        ; 0.000      ; 8.148      ;
; -7.473 ; clk_div:inst_clk_div|tick_cnt[7]  ; clk_div:inst_clk_div|tick_cnt[16] ; clk_in       ; clk_in      ; 1.000        ; 0.000      ; 8.140      ;
; -7.466 ; clk_div:inst_clk_div|tick_cnt[16] ; clk_div:inst_clk_div|tick_cnt[29] ; clk_in       ; clk_in      ; 1.000        ; 0.000      ; 8.133      ;
; -7.463 ; clk_div:inst_clk_div|tick_cnt[7]  ; clk_div:inst_clk_div|tick_cnt[21] ; clk_in       ; clk_in      ; 1.000        ; 0.000      ; 8.130      ;
; -7.460 ; clk_div:inst_clk_div|tick_cnt[13] ; clk_div:inst_clk_div|tick_cnt[20] ; clk_in       ; clk_in      ; 1.000        ; 0.000      ; 8.127      ;
; -7.457 ; clk_div:inst_clk_div|tick_cnt[11] ; clk_div:inst_clk_div|tick_cnt[11] ; clk_in       ; clk_in      ; 1.000        ; 0.000      ; 8.124      ;
; -7.457 ; clk_div:inst_clk_div|tick_cnt[7]  ; clk_div:inst_clk_div|tick_cnt[22] ; clk_in       ; clk_in      ; 1.000        ; 0.000      ; 8.124      ;
; -7.455 ; clk_div:inst_clk_div|tick_cnt[11] ; clk_div:inst_clk_div|tick_cnt[18] ; clk_in       ; clk_in      ; 1.000        ; 0.000      ; 8.122      ;
; -7.455 ; clk_div:inst_clk_div|tick_cnt[5]  ; clk_div:inst_clk_div|tick_cnt[28] ; clk_in       ; clk_in      ; 1.000        ; 0.000      ; 8.122      ;
; -7.433 ; clk_div:inst_clk_div|tick_cnt[31] ; clk_div:inst_clk_div|tick_cnt[16] ; clk_in       ; clk_in      ; 1.000        ; 0.000      ; 8.100      ;
; -7.429 ; clk_div:inst_clk_div|tick_cnt[10] ; clk_div:inst_clk_div|tick_cnt[20] ; clk_in       ; clk_in      ; 1.000        ; 0.000      ; 8.096      ;
; -7.421 ; clk_div:inst_clk_div|tick_cnt[1]  ; clk_div:inst_clk_div|tick_cnt[6]  ; clk_in       ; clk_in      ; 1.000        ; 0.000      ; 8.088      ;
; -7.421 ; clk_div:inst_clk_div|tick_cnt[14] ; clk_div:inst_clk_div|tick_cnt[20] ; clk_in       ; clk_in      ; 1.000        ; 0.000      ; 8.088      ;
; -7.415 ; clk_div:inst_clk_div|tick_cnt[8]  ; clk_div:inst_clk_div|tick_cnt[12] ; clk_in       ; clk_in      ; 1.000        ; 0.000      ; 8.082      ;
; -7.412 ; clk_div:inst_clk_div|tick_cnt[8]  ; clk_div:inst_clk_div|tick_cnt[24] ; clk_in       ; clk_in      ; 1.000        ; 0.000      ; 8.079      ;
; -7.411 ; clk_div:inst_clk_div|tick_cnt[1]  ; clk_div:inst_clk_div|tick_cnt[13] ; clk_in       ; clk_in      ; 1.000        ; 0.000      ; 8.078      ;
; -7.409 ; clk_div:inst_clk_div|tick_cnt[1]  ; clk_div:inst_clk_div|tick_cnt[14] ; clk_in       ; clk_in      ; 1.000        ; 0.000      ; 8.076      ;
; -7.408 ; clk_div:inst_clk_div|tick_cnt[11] ; clk_div:inst_clk_div|tick_cnt[21] ; clk_in       ; clk_in      ; 1.000        ; 0.000      ; 8.075      ;
; -7.404 ; clk_div:inst_clk_div|tick_cnt[8]  ; clk_div:inst_clk_div|tick_cnt[19] ; clk_in       ; clk_in      ; 1.000        ; 0.000      ; 8.071      ;
; -7.402 ; clk_div:inst_clk_div|tick_cnt[11] ; clk_div:inst_clk_div|tick_cnt[22] ; clk_in       ; clk_in      ; 1.000        ; 0.000      ; 8.069      ;
; -7.396 ; clk_div:inst_clk_div|tick_cnt[26] ; clk_div:inst_clk_div|clk_out      ; clk_in       ; clk_in      ; 1.000        ; 0.000      ; 8.063      ;
; -7.380 ; clk_div:inst_clk_div|tick_cnt[8]  ; clk_div:inst_clk_div|tick_cnt[11] ; clk_in       ; clk_in      ; 1.000        ; 0.000      ; 8.047      ;
; -7.378 ; clk_div:inst_clk_div|tick_cnt[8]  ; clk_div:inst_clk_div|tick_cnt[18] ; clk_in       ; clk_in      ; 1.000        ; 0.000      ; 8.045      ;
; -7.377 ; clk_div:inst_clk_div|tick_cnt[14] ; clk_div:inst_clk_div|tick_cnt[12] ; clk_in       ; clk_in      ; 1.000        ; 0.000      ; 8.044      ;
; -7.377 ; clk_div:inst_clk_div|tick_cnt[7]  ; clk_div:inst_clk_div|tick_cnt[28] ; clk_in       ; clk_in      ; 1.000        ; 0.000      ; 8.044      ;
; -7.374 ; clk_div:inst_clk_div|tick_cnt[14] ; clk_div:inst_clk_div|tick_cnt[24] ; clk_in       ; clk_in      ; 1.000        ; 0.000      ; 8.041      ;
; -7.367 ; clk_div:inst_clk_div|tick_cnt[8]  ; clk_div:inst_clk_div|tick_cnt[16] ; clk_in       ; clk_in      ; 1.000        ; 0.000      ; 8.034      ;
; -7.366 ; clk_div:inst_clk_div|tick_cnt[14] ; clk_div:inst_clk_div|tick_cnt[19] ; clk_in       ; clk_in      ; 1.000        ; 0.000      ; 8.033      ;
; -7.362 ; clk_div:inst_clk_div|tick_cnt[2]  ; clk_div:inst_clk_div|tick_cnt[12] ; clk_in       ; clk_in      ; 1.000        ; 0.000      ; 8.029      ;
; -7.359 ; clk_div:inst_clk_div|tick_cnt[2]  ; clk_div:inst_clk_div|tick_cnt[24] ; clk_in       ; clk_in      ; 1.000        ; 0.000      ; 8.026      ;
; -7.357 ; clk_div:inst_clk_div|tick_cnt[0]  ; clk_div:inst_clk_div|tick_cnt[29] ; clk_in       ; clk_in      ; 1.000        ; 0.000      ; 8.024      ;
; -7.351 ; clk_div:inst_clk_div|tick_cnt[2]  ; clk_div:inst_clk_div|tick_cnt[19] ; clk_in       ; clk_in      ; 1.000        ; 0.000      ; 8.018      ;
; -7.345 ; clk_div:inst_clk_div|tick_cnt[9]  ; clk_div:inst_clk_div|tick_cnt[12] ; clk_in       ; clk_in      ; 1.000        ; 0.000      ; 8.012      ;
; -7.342 ; clk_div:inst_clk_div|tick_cnt[14] ; clk_div:inst_clk_div|tick_cnt[11] ; clk_in       ; clk_in      ; 1.000        ; 0.000      ; 8.009      ;
; -7.342 ; clk_div:inst_clk_div|tick_cnt[9]  ; clk_div:inst_clk_div|tick_cnt[24] ; clk_in       ; clk_in      ; 1.000        ; 0.000      ; 8.009      ;
; -7.340 ; clk_div:inst_clk_div|tick_cnt[14] ; clk_div:inst_clk_div|tick_cnt[18] ; clk_in       ; clk_in      ; 1.000        ; 0.000      ; 8.007      ;
; -7.336 ; clk_div:inst_clk_div|tick_cnt[17] ; clk_div:inst_clk_div|tick_cnt[12] ; clk_in       ; clk_in      ; 1.000        ; 0.000      ; 8.003      ;
; -7.334 ; clk_div:inst_clk_div|tick_cnt[9]  ; clk_div:inst_clk_div|tick_cnt[19] ; clk_in       ; clk_in      ; 1.000        ; 0.000      ; 8.001      ;
; -7.333 ; clk_div:inst_clk_div|tick_cnt[17] ; clk_div:inst_clk_div|tick_cnt[24] ; clk_in       ; clk_in      ; 1.000        ; 0.000      ; 8.000      ;
+--------+-----------------------------------+-----------------------------------+--------------+-------------+--------------+------------+------------+


+-----------------------------------------------------------------------------------------------------------------------------------------------------------------------------+
; Setup: 'clk_div:inst_clk_div|clk_out'                                                                                                                                       ;
+--------+------------------------------+------------------------------+------------------------------+------------------------------+--------------+------------+------------+
; Slack  ; From Node                    ; To Node                      ; Launch Clock                 ; Latch Clock                  ; Relationship ; Clock Skew ; Data Delay ;
+--------+------------------------------+------------------------------+------------------------------+------------------------------+--------------+------------+------------+
; -4.837 ; doloso_ns:inst_ns|t[3]       ; doloso_ns:inst_ns|pre_ns.NS3 ; clk_div:inst_clk_div|clk_out ; clk_div:inst_clk_div|clk_out ; 1.000        ; 0.000      ; 5.504      ;
; -4.837 ; doloso_ns:inst_ns|t[3]       ; doloso_ns:inst_ns|pre_ns.NS2 ; clk_div:inst_clk_div|clk_out ; clk_div:inst_clk_div|clk_out ; 1.000        ; 0.000      ; 5.504      ;
; -4.782 ; doloso_ns:inst_ns|t[2]       ; doloso_ns:inst_ns|pre_ns.NS3 ; clk_div:inst_clk_div|clk_out ; clk_div:inst_clk_div|clk_out ; 1.000        ; 0.000      ; 5.449      ;
; -4.782 ; doloso_ns:inst_ns|t[2]       ; doloso_ns:inst_ns|pre_ns.NS2 ; clk_div:inst_clk_div|clk_out ; clk_div:inst_clk_div|clk_out ; 1.000        ; 0.000      ; 5.449      ;
; -4.705 ; doloso_ew:inst_ew|t[2]       ; doloso_ew:inst_ew|pre_ew.EW1 ; clk_div:inst_clk_div|clk_out ; clk_div:inst_clk_div|clk_out ; 1.000        ; 0.000      ; 5.372      ;
; -4.670 ; doloso_ew:inst_ew|t[2]       ; doloso_ew:inst_ew|t[2]       ; clk_div:inst_clk_div|clk_out ; clk_div:inst_clk_div|clk_out ; 1.000        ; 0.000      ; 5.337      ;
; -4.658 ; doloso_ns:inst_ns|t[1]       ; doloso_ns:inst_ns|pre_ns.NS3 ; clk_div:inst_clk_div|clk_out ; clk_div:inst_clk_div|clk_out ; 1.000        ; 0.000      ; 5.325      ;
; -4.658 ; doloso_ns:inst_ns|t[1]       ; doloso_ns:inst_ns|pre_ns.NS2 ; clk_div:inst_clk_div|clk_out ; clk_div:inst_clk_div|clk_out ; 1.000        ; 0.000      ; 5.325      ;
; -4.589 ; doloso_ns:inst_ns|t[3]       ; doloso_ns:inst_ns|t[0]       ; clk_div:inst_clk_div|clk_out ; clk_div:inst_clk_div|clk_out ; 1.000        ; 0.000      ; 5.256      ;
; -4.588 ; doloso_ew:inst_ew|t[3]       ; doloso_ew:inst_ew|pre_ew.EW1 ; clk_div:inst_clk_div|clk_out ; clk_div:inst_clk_div|clk_out ; 1.000        ; 0.000      ; 5.255      ;
; -4.585 ; doloso_ns:inst_ns|t[0]       ; doloso_ns:inst_ns|pre_ns.NS3 ; clk_div:inst_clk_div|clk_out ; clk_div:inst_clk_div|clk_out ; 1.000        ; 0.000      ; 5.252      ;
; -4.585 ; doloso_ns:inst_ns|t[0]       ; doloso_ns:inst_ns|pre_ns.NS2 ; clk_div:inst_clk_div|clk_out ; clk_div:inst_clk_div|clk_out ; 1.000        ; 0.000      ; 5.252      ;
; -4.582 ; doloso_ns:inst_ns|t[3]       ; doloso_ns:inst_ns|t[3]       ; clk_div:inst_clk_div|clk_out ; clk_div:inst_clk_div|clk_out ; 1.000        ; 0.000      ; 5.249      ;
; -4.534 ; doloso_ns:inst_ns|t[2]       ; doloso_ns:inst_ns|t[0]       ; clk_div:inst_clk_div|clk_out ; clk_div:inst_clk_div|clk_out ; 1.000        ; 0.000      ; 5.201      ;
; -4.527 ; doloso_ns:inst_ns|t[2]       ; doloso_ns:inst_ns|t[3]       ; clk_div:inst_clk_div|clk_out ; clk_div:inst_clk_div|clk_out ; 1.000        ; 0.000      ; 5.194      ;
; -4.510 ; doloso_ew:inst_ew|t[1]       ; doloso_ew:inst_ew|t[1]       ; clk_div:inst_clk_div|clk_out ; clk_div:inst_clk_div|clk_out ; 1.000        ; 0.000      ; 5.177      ;
; -4.502 ; doloso_ew:inst_ew|pre_ew.EW4 ; doloso_ns:inst_ns|t[0]       ; clk_div:inst_clk_div|clk_out ; clk_div:inst_clk_div|clk_out ; 1.000        ; 0.000      ; 5.169      ;
; -4.489 ; doloso_ns:inst_ns|t[3]       ; doloso_ns:inst_ns|t[1]       ; clk_div:inst_clk_div|clk_out ; clk_div:inst_clk_div|clk_out ; 1.000        ; 0.000      ; 5.156      ;
; -4.477 ; doloso_ew:inst_ew|t[2]       ; doloso_ew:inst_ew|pre_ew.EW0 ; clk_div:inst_clk_div|clk_out ; clk_div:inst_clk_div|clk_out ; 1.000        ; 0.000      ; 5.144      ;
; -4.460 ; doloso_ew:inst_ew|t[3]       ; doloso_ew:inst_ew|t[2]       ; clk_div:inst_clk_div|clk_out ; clk_div:inst_clk_div|clk_out ; 1.000        ; 0.000      ; 5.127      ;
; -4.438 ; doloso_ew:inst_ew|t[2]       ; doloso_ew:inst_ew|t[3]       ; clk_div:inst_clk_div|clk_out ; clk_div:inst_clk_div|clk_out ; 1.000        ; 0.000      ; 5.105      ;
; -4.410 ; doloso_ns:inst_ns|t[1]       ; doloso_ns:inst_ns|t[0]       ; clk_div:inst_clk_div|clk_out ; clk_div:inst_clk_div|clk_out ; 1.000        ; 0.000      ; 5.077      ;
; -4.403 ; doloso_ns:inst_ns|t[1]       ; doloso_ns:inst_ns|t[3]       ; clk_div:inst_clk_div|clk_out ; clk_div:inst_clk_div|clk_out ; 1.000        ; 0.000      ; 5.070      ;
; -4.400 ; doloso_ns:inst_ns|t[3]       ; doloso_ns:inst_ns|pre_ns.NS0 ; clk_div:inst_clk_div|clk_out ; clk_div:inst_clk_div|clk_out ; 1.000        ; 0.000      ; 5.067      ;
; -4.372 ; doloso_ew:inst_ew|t[2]       ; doloso_ew:inst_ew|pre_ew.EW3 ; clk_div:inst_clk_div|clk_out ; clk_div:inst_clk_div|clk_out ; 1.000        ; 0.000      ; 5.039      ;
; -4.372 ; doloso_ew:inst_ew|t[2]       ; doloso_ew:inst_ew|pre_ew.EW2 ; clk_div:inst_clk_div|clk_out ; clk_div:inst_clk_div|clk_out ; 1.000        ; 0.000      ; 5.039      ;
; -4.371 ; doloso_ew:inst_ew|t[2]       ; doloso_ew:inst_ew|t[0]       ; clk_div:inst_clk_div|clk_out ; clk_div:inst_clk_div|clk_out ; 1.000        ; 0.000      ; 5.038      ;
; -4.368 ; doloso_ns:inst_ns|t[3]       ; doloso_ns:inst_ns|pre_ns.NS1 ; clk_div:inst_clk_div|clk_out ; clk_div:inst_clk_div|clk_out ; 1.000        ; 0.000      ; 5.035      ;
; -4.351 ; doloso_ns:inst_ns|t[0]       ; doloso_ns:inst_ns|t[0]       ; clk_div:inst_clk_div|clk_out ; clk_div:inst_clk_div|clk_out ; 1.000        ; 0.000      ; 5.018      ;
; -4.333 ; doloso_ns:inst_ns|t[0]       ; doloso_ns:inst_ns|t[1]       ; clk_div:inst_clk_div|clk_out ; clk_div:inst_clk_div|clk_out ; 1.000        ; 0.000      ; 5.000      ;
; -4.330 ; doloso_ns:inst_ns|t[0]       ; doloso_ns:inst_ns|t[3]       ; clk_div:inst_clk_div|clk_out ; clk_div:inst_clk_div|clk_out ; 1.000        ; 0.000      ; 4.997      ;
; -4.321 ; doloso_ew:inst_ew|pre_ew.EW4 ; doloso_ns:inst_ns|pre_ns.NS0 ; clk_div:inst_clk_div|clk_out ; clk_div:inst_clk_div|clk_out ; 1.000        ; 0.000      ; 4.988      ;
; -4.313 ; doloso_ns:inst_ns|t[2]       ; doloso_ns:inst_ns|pre_ns.NS1 ; clk_div:inst_clk_div|clk_out ; clk_div:inst_clk_div|clk_out ; 1.000        ; 0.000      ; 4.980      ;
; -4.310 ; doloso_ns:inst_ns|t[0]       ; doloso_ns:inst_ns|pre_ns.NS0 ; clk_div:inst_clk_div|clk_out ; clk_div:inst_clk_div|clk_out ; 1.000        ; 0.000      ; 4.977      ;
; -4.298 ; doloso_ew:inst_ew|t[1]       ; doloso_ew:inst_ew|t[2]       ; clk_div:inst_clk_div|clk_out ; clk_div:inst_clk_div|clk_out ; 1.000        ; 0.000      ; 4.965      ;
; -4.276 ; doloso_ew:inst_ew|pre_ew.EW2 ; doloso_ew:inst_ew|t[2]       ; clk_div:inst_clk_div|clk_out ; clk_div:inst_clk_div|clk_out ; 1.000        ; 0.000      ; 4.943      ;
; -4.267 ; doloso_ew:inst_ew|t[3]       ; doloso_ew:inst_ew|pre_ew.EW0 ; clk_div:inst_clk_div|clk_out ; clk_div:inst_clk_div|clk_out ; 1.000        ; 0.000      ; 4.934      ;
; -4.254 ; doloso_ew:inst_ew|t[3]       ; doloso_ew:inst_ew|t[0]       ; clk_div:inst_clk_div|clk_out ; clk_div:inst_clk_div|clk_out ; 1.000        ; 0.000      ; 4.921      ;
; -4.228 ; doloso_ew:inst_ew|t[3]       ; doloso_ew:inst_ew|t[3]       ; clk_div:inst_clk_div|clk_out ; clk_div:inst_clk_div|clk_out ; 1.000        ; 0.000      ; 4.895      ;
; -4.216 ; doloso_ew:inst_ew|t[0]       ; doloso_ew:inst_ew|t[1]       ; clk_div:inst_clk_div|clk_out ; clk_div:inst_clk_div|clk_out ; 1.000        ; 0.000      ; 4.883      ;
; -4.213 ; doloso_ns:inst_ns|t[2]       ; doloso_ns:inst_ns|t[1]       ; clk_div:inst_clk_div|clk_out ; clk_div:inst_clk_div|clk_out ; 1.000        ; 0.000      ; 4.880      ;
; -4.196 ; doloso_ew:inst_ew|pre_ew.EW2 ; doloso_ew:inst_ew|t[1]       ; clk_div:inst_clk_div|clk_out ; clk_div:inst_clk_div|clk_out ; 1.000        ; 0.000      ; 4.863      ;
; -4.189 ; doloso_ns:inst_ns|t[1]       ; doloso_ns:inst_ns|pre_ns.NS1 ; clk_div:inst_clk_div|clk_out ; clk_div:inst_clk_div|clk_out ; 1.000        ; 0.000      ; 4.856      ;
; -4.162 ; doloso_ew:inst_ew|t[3]       ; doloso_ew:inst_ew|pre_ew.EW3 ; clk_div:inst_clk_div|clk_out ; clk_div:inst_clk_div|clk_out ; 1.000        ; 0.000      ; 4.829      ;
; -4.162 ; doloso_ew:inst_ew|t[3]       ; doloso_ew:inst_ew|pre_ew.EW2 ; clk_div:inst_clk_div|clk_out ; clk_div:inst_clk_div|clk_out ; 1.000        ; 0.000      ; 4.829      ;
; -4.116 ; doloso_ns:inst_ns|t[0]       ; doloso_ns:inst_ns|pre_ns.NS1 ; clk_div:inst_clk_div|clk_out ; clk_div:inst_clk_div|clk_out ; 1.000        ; 0.000      ; 4.783      ;
; -4.108 ; doloso_ew:inst_ew|t[2]       ; doloso_ew:inst_ew|t[1]       ; clk_div:inst_clk_div|clk_out ; clk_div:inst_clk_div|clk_out ; 1.000        ; 0.000      ; 4.775      ;
; -4.105 ; doloso_ew:inst_ew|t[1]       ; doloso_ew:inst_ew|pre_ew.EW0 ; clk_div:inst_clk_div|clk_out ; clk_div:inst_clk_div|clk_out ; 1.000        ; 0.000      ; 4.772      ;
; -4.066 ; doloso_ew:inst_ew|t[1]       ; doloso_ew:inst_ew|t[3]       ; clk_div:inst_clk_div|clk_out ; clk_div:inst_clk_div|clk_out ; 1.000        ; 0.000      ; 4.733      ;
; -4.065 ; doloso_ew:inst_ew|pre_ew.EW4 ; doloso_ns:inst_ns|t[3]       ; clk_div:inst_clk_div|clk_out ; clk_div:inst_clk_div|clk_out ; 1.000        ; 0.000      ; 4.732      ;
; -4.060 ; doloso_ew:inst_ew|t[1]       ; doloso_ew:inst_ew|t[0]       ; clk_div:inst_clk_div|clk_out ; clk_div:inst_clk_div|clk_out ; 1.000        ; 0.000      ; 4.727      ;
; -4.058 ; doloso_ns:inst_ns|t[2]       ; doloso_ns:inst_ns|pre_ns.NS0 ; clk_div:inst_clk_div|clk_out ; clk_div:inst_clk_div|clk_out ; 1.000        ; 0.000      ; 4.725      ;
; -4.004 ; doloso_ew:inst_ew|t[0]       ; doloso_ew:inst_ew|t[2]       ; clk_div:inst_clk_div|clk_out ; clk_div:inst_clk_div|clk_out ; 1.000        ; 0.000      ; 4.671      ;
; -4.000 ; doloso_ew:inst_ew|t[1]       ; doloso_ew:inst_ew|pre_ew.EW3 ; clk_div:inst_clk_div|clk_out ; clk_div:inst_clk_div|clk_out ; 1.000        ; 0.000      ; 4.667      ;
; -4.000 ; doloso_ew:inst_ew|t[1]       ; doloso_ew:inst_ew|pre_ew.EW2 ; clk_div:inst_clk_div|clk_out ; clk_div:inst_clk_div|clk_out ; 1.000        ; 0.000      ; 4.667      ;
; -4.000 ; doloso_ew:inst_ew|pre_ew.EW1 ; doloso_ew:inst_ew|t[1]       ; clk_div:inst_clk_div|clk_out ; clk_div:inst_clk_div|clk_out ; 1.000        ; 0.000      ; 4.667      ;
; -3.991 ; doloso_ew:inst_ew|t[3]       ; doloso_ew:inst_ew|t[1]       ; clk_div:inst_clk_div|clk_out ; clk_div:inst_clk_div|clk_out ; 1.000        ; 0.000      ; 4.658      ;
; -3.934 ; doloso_ns:inst_ns|t[1]       ; doloso_ns:inst_ns|pre_ns.NS0 ; clk_div:inst_clk_div|clk_out ; clk_div:inst_clk_div|clk_out ; 1.000        ; 0.000      ; 4.601      ;
; -3.912 ; doloso_ns:inst_ns|pre_ns.NS0 ; doloso_ns:inst_ns|t[1]       ; clk_div:inst_clk_div|clk_out ; clk_div:inst_clk_div|clk_out ; 1.000        ; 0.000      ; 4.579      ;
; -3.899 ; doloso_ew:inst_ew|pre_ew.EW3 ; doloso_ew:inst_ew|t[2]       ; clk_div:inst_clk_div|clk_out ; clk_div:inst_clk_div|clk_out ; 1.000        ; 0.000      ; 4.566      ;
; -3.851 ; doloso_ns:inst_ns|pre_ns.NS1 ; doloso_ns:inst_ns|t[2]       ; clk_div:inst_clk_div|clk_out ; clk_div:inst_clk_div|clk_out ; 1.000        ; 0.000      ; 4.518      ;
; -3.811 ; doloso_ew:inst_ew|t[0]       ; doloso_ew:inst_ew|pre_ew.EW0 ; clk_div:inst_clk_div|clk_out ; clk_div:inst_clk_div|clk_out ; 1.000        ; 0.000      ; 4.478      ;
; -3.791 ; doloso_ew:inst_ew|t[1]       ; doloso_ew:inst_ew|pre_ew.EW1 ; clk_div:inst_clk_div|clk_out ; clk_div:inst_clk_div|clk_out ; 1.000        ; 0.000      ; 4.458      ;
; -3.781 ; doloso_ew:inst_ew|pre_ew.EW3 ; doloso_ew:inst_ew|t[1]       ; clk_div:inst_clk_div|clk_out ; clk_div:inst_clk_div|clk_out ; 1.000        ; 0.000      ; 4.448      ;
; -3.772 ; doloso_ew:inst_ew|t[0]       ; doloso_ew:inst_ew|t[3]       ; clk_div:inst_clk_div|clk_out ; clk_div:inst_clk_div|clk_out ; 1.000        ; 0.000      ; 4.439      ;
; -3.724 ; doloso_ns:inst_ns|pre_ns.NS3 ; doloso_ns:inst_ns|t[0]       ; clk_div:inst_clk_div|clk_out ; clk_div:inst_clk_div|clk_out ; 1.000        ; 0.000      ; 4.391      ;
; -3.717 ; doloso_ns:inst_ns|pre_ns.NS3 ; doloso_ns:inst_ns|t[3]       ; clk_div:inst_clk_div|clk_out ; clk_div:inst_clk_div|clk_out ; 1.000        ; 0.000      ; 4.384      ;
; -3.706 ; doloso_ew:inst_ew|t[0]       ; doloso_ew:inst_ew|pre_ew.EW3 ; clk_div:inst_clk_div|clk_out ; clk_div:inst_clk_div|clk_out ; 1.000        ; 0.000      ; 4.373      ;
; -3.706 ; doloso_ew:inst_ew|t[0]       ; doloso_ew:inst_ew|pre_ew.EW2 ; clk_div:inst_clk_div|clk_out ; clk_div:inst_clk_div|clk_out ; 1.000        ; 0.000      ; 4.373      ;
; -3.694 ; doloso_ew:inst_ew|pre_ew.EW1 ; doloso_ew:inst_ew|t[2]       ; clk_div:inst_clk_div|clk_out ; clk_div:inst_clk_div|clk_out ; 1.000        ; 0.000      ; 4.361      ;
; -3.665 ; doloso_ew:inst_ew|pre_ew.EW0 ; doloso_ew:inst_ew|t[2]       ; clk_div:inst_clk_div|clk_out ; clk_div:inst_clk_div|clk_out ; 1.000        ; 0.000      ; 4.332      ;
; -3.647 ; doloso_ns:inst_ns|pre_ns.NS2 ; doloso_ns:inst_ns|t[0]       ; clk_div:inst_clk_div|clk_out ; clk_div:inst_clk_div|clk_out ; 1.000        ; 0.000      ; 4.314      ;
; -3.590 ; doloso_ns:inst_ns|t[2]       ; doloso_ns:inst_ns|t[2]       ; clk_div:inst_clk_div|clk_out ; clk_div:inst_clk_div|clk_out ; 1.000        ; 0.000      ; 4.257      ;
; -3.568 ; doloso_ew:inst_ew|pre_ew.EW0 ; doloso_ew:inst_ew|t[1]       ; clk_div:inst_clk_div|clk_out ; clk_div:inst_clk_div|clk_out ; 1.000        ; 0.000      ; 4.235      ;
; -3.555 ; doloso_ew:inst_ew|pre_ew.EW3 ; doloso_ew:inst_ew|pre_ew.EW0 ; clk_div:inst_clk_div|clk_out ; clk_div:inst_clk_div|clk_out ; 1.000        ; 0.000      ; 4.222      ;
; -3.497 ; doloso_ew:inst_ew|t[0]       ; doloso_ew:inst_ew|pre_ew.EW1 ; clk_div:inst_clk_div|clk_out ; clk_div:inst_clk_div|clk_out ; 1.000        ; 0.000      ; 4.164      ;
; -3.444 ; doloso_ns:inst_ns|pre_ns.NS1 ; doloso_ns:inst_ns|t[1]       ; clk_div:inst_clk_div|clk_out ; clk_div:inst_clk_div|clk_out ; 1.000        ; 0.000      ; 4.111      ;
; -3.433 ; doloso_ew:inst_ew|pre_ew.EW4 ; doloso_ew:inst_ew|pre_ew.EW0 ; clk_div:inst_clk_div|clk_out ; clk_div:inst_clk_div|clk_out ; 1.000        ; 0.000      ; 4.100      ;
; -3.404 ; doloso_ns:inst_ns|t[3]       ; doloso_ns:inst_ns|t[2]       ; clk_div:inst_clk_div|clk_out ; clk_div:inst_clk_div|clk_out ; 1.000        ; 0.000      ; 4.071      ;
; -3.364 ; doloso_ns:inst_ns|pre_ns.NS2 ; doloso_ns:inst_ns|t[1]       ; clk_div:inst_clk_div|clk_out ; clk_div:inst_clk_div|clk_out ; 1.000        ; 0.000      ; 4.031      ;
; -3.333 ; doloso_ns:inst_ns|pre_ns.NS0 ; doloso_ns:inst_ns|pre_ns.NS1 ; clk_div:inst_clk_div|clk_out ; clk_div:inst_clk_div|clk_out ; 1.000        ; 0.000      ; 4.000      ;
; -3.289 ; doloso_ns:inst_ns|t[1]       ; doloso_ns:inst_ns|t[2]       ; clk_div:inst_clk_div|clk_out ; clk_div:inst_clk_div|clk_out ; 1.000        ; 0.000      ; 3.956      ;
; -3.223 ; doloso_ns:inst_ns|pre_ns.NS3 ; doloso_ns:inst_ns|pre_ns.NS0 ; clk_div:inst_clk_div|clk_out ; clk_div:inst_clk_div|clk_out ; 1.000        ; 0.000      ; 3.890      ;
; -3.214 ; doloso_ns:inst_ns|t[0]       ; doloso_ns:inst_ns|t[2]       ; clk_div:inst_clk_div|clk_out ; clk_div:inst_clk_div|clk_out ; 1.000        ; 0.000      ; 3.881      ;
; -3.210 ; doloso_ns:inst_ns|pre_ns.NS2 ; doloso_ns:inst_ns|t[3]       ; clk_div:inst_clk_div|clk_out ; clk_div:inst_clk_div|clk_out ; 1.000        ; 0.000      ; 3.877      ;
; -3.049 ; doloso_ns:inst_ns|pre_ns.NS2 ; doloso_ns:inst_ns|t[2]       ; clk_div:inst_clk_div|clk_out ; clk_div:inst_clk_div|clk_out ; 1.000        ; 0.000      ; 3.716      ;
; -3.043 ; doloso_ew:inst_ew|pre_ew.EW4 ; doloso_ew:inst_ew|t[3]       ; clk_div:inst_clk_div|clk_out ; clk_div:inst_clk_div|clk_out ; 1.000        ; 0.000      ; 3.710      ;
; -2.993 ; doloso_ew:inst_ew|pre_ew.EW0 ; doloso_ew:inst_ew|pre_ew.EW1 ; clk_div:inst_clk_div|clk_out ; clk_div:inst_clk_div|clk_out ; 1.000        ; 0.000      ; 3.660      ;
; -2.960 ; doloso_ew:inst_ew|pre_ew.EW1 ; doloso_ew:inst_ew|pre_ew.EW1 ; clk_div:inst_clk_div|clk_out ; clk_div:inst_clk_div|clk_out ; 1.000        ; 0.000      ; 3.627      ;
; -2.850 ; doloso_ns:inst_ns|pre_ns.NS0 ; doloso_ns:inst_ns|pre_ns.NS0 ; clk_div:inst_clk_div|clk_out ; clk_div:inst_clk_div|clk_out ; 1.000        ; 0.000      ; 3.517      ;
; -2.824 ; doloso_ew:inst_ew|pre_ew.EW3 ; doloso_ew:inst_ew|t[0]       ; clk_div:inst_clk_div|clk_out ; clk_div:inst_clk_div|clk_out ; 1.000        ; 0.000      ; 3.491      ;
; -2.811 ; doloso_ns:inst_ns|t[1]       ; doloso_ns:inst_ns|t[1]       ; clk_div:inst_clk_div|clk_out ; clk_div:inst_clk_div|clk_out ; 1.000        ; 0.000      ; 3.478      ;
; -2.788 ; doloso_ns:inst_ns|pre_ns.NS3 ; doloso_ns:inst_ns|t[2]       ; clk_div:inst_clk_div|clk_out ; clk_div:inst_clk_div|clk_out ; 1.000        ; 0.000      ; 3.455      ;
; -2.647 ; doloso_ew:inst_ew|pre_ew.EW4 ; doloso_ew:inst_ew|t[0]       ; clk_div:inst_clk_div|clk_out ; clk_div:inst_clk_div|clk_out ; 1.000        ; 0.000      ; 3.314      ;
; -2.514 ; doloso_ns:inst_ns|pre_ns.NS0 ; doloso_ns:inst_ns|t[2]       ; clk_div:inst_clk_div|clk_out ; clk_div:inst_clk_div|clk_out ; 1.000        ; 0.000      ; 3.181      ;
; -2.267 ; doloso_ns:inst_ns|pre_ns.NS3 ; doloso_ns:inst_ns|t[1]       ; clk_div:inst_clk_div|clk_out ; clk_div:inst_clk_div|clk_out ; 1.000        ; 0.000      ; 2.934      ;
; -2.190 ; doloso_ew:inst_ew|pre_ew.EW0 ; doloso_ew:inst_ew|pre_ew.EW0 ; clk_div:inst_clk_div|clk_out ; clk_div:inst_clk_div|clk_out ; 1.000        ; 0.000      ; 2.857      ;
; -2.152 ; doloso_ew:inst_ew|pre_ew.EW0 ; doloso_ew:inst_ew|t[3]       ; clk_div:inst_clk_div|clk_out ; clk_div:inst_clk_div|clk_out ; 1.000        ; 0.000      ; 2.819      ;
; -2.104 ; doloso_ns:inst_ns|pre_ns.NS1 ; doloso_ns:inst_ns|pre_ns.NS2 ; clk_div:inst_clk_div|clk_out ; clk_div:inst_clk_div|clk_out ; 1.000        ; 0.000      ; 2.771      ;
; -2.074 ; doloso_ew:inst_ew|pre_ew.EW3 ; doloso_ew:inst_ew|t[3]       ; clk_div:inst_clk_div|clk_out ; clk_div:inst_clk_div|clk_out ; 1.000        ; 0.000      ; 2.741      ;
+--------+------------------------------+------------------------------+------------------------------+------------------------------+--------------+------------+------------+


+----------------------------------------------------------------------------------------------------------------------------------------------------------------------+
; Hold: 'clk_in'                                                                                                                                                       ;
+--------+-----------------------------------+-----------------------------------+------------------------------+-------------+--------------+------------+------------+
; Slack  ; From Node                         ; To Node                           ; Launch Clock                 ; Latch Clock ; Relationship ; Clock Skew ; Data Delay ;
+--------+-----------------------------------+-----------------------------------+------------------------------+-------------+--------------+------------+------------+
; -2.084 ; clk_div:inst_clk_div|clk_out      ; clk_div:inst_clk_div|clk_out      ; clk_div:inst_clk_div|clk_out ; clk_in      ; 0.000        ; 3.348      ; 1.861      ;
; -1.584 ; clk_div:inst_clk_div|clk_out      ; clk_div:inst_clk_div|clk_out      ; clk_div:inst_clk_div|clk_out ; clk_in      ; -0.500       ; 3.348      ; 1.861      ;
; 1.649  ; clk_div:inst_clk_div|clk_led      ; clk_div:inst_clk_div|clk_led      ; clk_in                       ; clk_in      ; 0.000        ; 0.000      ; 1.870      ;
; 2.555  ; clk_div:inst_clk_div|tick_cnt[31] ; clk_div:inst_clk_div|tick_cnt[31] ; clk_in                       ; clk_in      ; 0.000        ; 0.000      ; 2.776      ;
; 2.856  ; clk_div:inst_clk_div|tick_cnt[26] ; clk_div:inst_clk_div|tick_cnt[26] ; clk_in                       ; clk_in      ; 0.000        ; 0.000      ; 3.077      ;
; 2.882  ; clk_div:inst_clk_div|tick_cnt[3]  ; clk_div:inst_clk_div|tick_cnt[3]  ; clk_in                       ; clk_in      ; 0.000        ; 0.000      ; 3.103      ;
; 2.883  ; clk_div:inst_clk_div|tick_cnt[2]  ; clk_div:inst_clk_div|tick_cnt[2]  ; clk_in                       ; clk_in      ; 0.000        ; 0.000      ; 3.104      ;
; 2.983  ; clk_div:inst_clk_div|tick_cnt[30] ; clk_div:inst_clk_div|tick_cnt[30] ; clk_in                       ; clk_in      ; 0.000        ; 0.000      ; 3.204      ;
; 3.021  ; clk_div:inst_clk_div|tick_cnt[1]  ; clk_div:inst_clk_div|tick_cnt[1]  ; clk_in                       ; clk_in      ; 0.000        ; 0.000      ; 3.242      ;
; 3.115  ; clk_div:inst_clk_div|tick_cnt[27] ; clk_div:inst_clk_div|tick_cnt[27] ; clk_in                       ; clk_in      ; 0.000        ; 0.000      ; 3.336      ;
; 3.690  ; clk_div:inst_clk_div|tick_cnt[2]  ; clk_div:inst_clk_div|tick_cnt[3]  ; clk_in                       ; clk_in      ; 0.000        ; 0.000      ; 3.911      ;
; 3.866  ; clk_div:inst_clk_div|tick_cnt[27] ; clk_div:inst_clk_div|tick_cnt[30] ; clk_in                       ; clk_in      ; 0.000        ; 0.000      ; 4.087      ;
; 3.884  ; clk_div:inst_clk_div|tick_cnt[1]  ; clk_div:inst_clk_div|tick_cnt[2]  ; clk_in                       ; clk_in      ; 0.000        ; 0.000      ; 4.105      ;
; 3.925  ; clk_div:inst_clk_div|tick_cnt[26] ; clk_div:inst_clk_div|tick_cnt[27] ; clk_in                       ; clk_in      ; 0.000        ; 0.000      ; 4.146      ;
; 3.978  ; clk_div:inst_clk_div|tick_cnt[4]  ; clk_div:inst_clk_div|tick_cnt[4]  ; clk_in                       ; clk_in      ; 0.000        ; 0.000      ; 4.199      ;
; 3.980  ; clk_div:inst_clk_div|tick_cnt[30] ; clk_div:inst_clk_div|tick_cnt[31] ; clk_in                       ; clk_in      ; 0.000        ; 0.000      ; 4.201      ;
; 3.980  ; clk_div:inst_clk_div|tick_cnt[26] ; clk_div:inst_clk_div|tick_cnt[30] ; clk_in                       ; clk_in      ; 0.000        ; 0.000      ; 4.201      ;
; 3.995  ; clk_div:inst_clk_div|tick_cnt[1]  ; clk_div:inst_clk_div|tick_cnt[3]  ; clk_in                       ; clk_in      ; 0.000        ; 0.000      ; 4.216      ;
; 4.148  ; clk_div:inst_clk_div|tick_cnt[27] ; clk_div:inst_clk_div|tick_cnt[31] ; clk_in                       ; clk_in      ; 0.000        ; 0.000      ; 4.369      ;
; 4.262  ; clk_div:inst_clk_div|tick_cnt[26] ; clk_div:inst_clk_div|tick_cnt[31] ; clk_in                       ; clk_in      ; 0.000        ; 0.000      ; 4.483      ;
; 4.681  ; clk_div:inst_clk_div|tick_cnt[29] ; clk_div:inst_clk_div|tick_cnt[30] ; clk_in                       ; clk_in      ; 0.000        ; 0.000      ; 4.902      ;
; 4.686  ; clk_div:inst_clk_div|tick_cnt[28] ; clk_div:inst_clk_div|tick_cnt[30] ; clk_in                       ; clk_in      ; 0.000        ; 0.000      ; 4.907      ;
; 4.813  ; clk_div:inst_clk_div|tick_cnt[3]  ; clk_div:inst_clk_div|tick_cnt[4]  ; clk_in                       ; clk_in      ; 0.000        ; 0.000      ; 5.034      ;
; 4.830  ; clk_div:inst_clk_div|tick_cnt[27] ; clk_div:inst_clk_div|tick_cnt[29] ; clk_in                       ; clk_in      ; 0.000        ; 0.000      ; 5.051      ;
; 4.834  ; clk_div:inst_clk_div|tick_cnt[23] ; clk_div:inst_clk_div|tick_cnt[23] ; clk_in                       ; clk_in      ; 0.000        ; 0.000      ; 5.055      ;
; 4.884  ; clk_div:inst_clk_div|tick_cnt[15] ; clk_div:inst_clk_div|tick_cnt[15] ; clk_in                       ; clk_in      ; 0.000        ; 0.000      ; 5.105      ;
; 4.904  ; clk_div:inst_clk_div|tick_cnt[27] ; clk_div:inst_clk_div|tick_cnt[28] ; clk_in                       ; clk_in      ; 0.000        ; 0.000      ; 5.125      ;
; 4.925  ; clk_div:inst_clk_div|tick_cnt[2]  ; clk_div:inst_clk_div|tick_cnt[4]  ; clk_in                       ; clk_in      ; 0.000        ; 0.000      ; 5.146      ;
; 4.944  ; clk_div:inst_clk_div|tick_cnt[0]  ; clk_div:inst_clk_div|tick_cnt[3]  ; clk_in                       ; clk_in      ; 0.000        ; 0.000      ; 5.165      ;
; 4.944  ; clk_div:inst_clk_div|tick_cnt[0]  ; clk_div:inst_clk_div|tick_cnt[2]  ; clk_in                       ; clk_in      ; 0.000        ; 0.000      ; 5.165      ;
; 4.944  ; clk_div:inst_clk_div|tick_cnt[0]  ; clk_div:inst_clk_div|tick_cnt[1]  ; clk_in                       ; clk_in      ; 0.000        ; 0.000      ; 5.165      ;
; 4.944  ; clk_div:inst_clk_div|tick_cnt[26] ; clk_div:inst_clk_div|tick_cnt[29] ; clk_in                       ; clk_in      ; 0.000        ; 0.000      ; 5.165      ;
; 4.949  ; clk_div:inst_clk_div|tick_cnt[29] ; clk_div:inst_clk_div|tick_cnt[29] ; clk_in                       ; clk_in      ; 0.000        ; 0.000      ; 5.170      ;
; 4.958  ; clk_div:inst_clk_div|tick_cnt[10] ; clk_div:inst_clk_div|tick_cnt[10] ; clk_in                       ; clk_in      ; 0.000        ; 0.000      ; 5.179      ;
; 4.963  ; clk_div:inst_clk_div|tick_cnt[29] ; clk_div:inst_clk_div|tick_cnt[31] ; clk_in                       ; clk_in      ; 0.000        ; 0.000      ; 5.184      ;
; 4.968  ; clk_div:inst_clk_div|tick_cnt[28] ; clk_div:inst_clk_div|tick_cnt[31] ; clk_in                       ; clk_in      ; 0.000        ; 0.000      ; 5.189      ;
; 4.982  ; clk_div:inst_clk_div|tick_cnt[17] ; clk_div:inst_clk_div|tick_cnt[17] ; clk_in                       ; clk_in      ; 0.000        ; 0.000      ; 5.203      ;
; 5.018  ; clk_div:inst_clk_div|tick_cnt[26] ; clk_div:inst_clk_div|tick_cnt[28] ; clk_in                       ; clk_in      ; 0.000        ; 0.000      ; 5.239      ;
; 5.028  ; clk_div:inst_clk_div|tick_cnt[28] ; clk_div:inst_clk_div|tick_cnt[28] ; clk_in                       ; clk_in      ; 0.000        ; 0.000      ; 5.249      ;
; 5.077  ; clk_div:inst_clk_div|tick_cnt[21] ; clk_div:inst_clk_div|tick_cnt[21] ; clk_in                       ; clk_in      ; 0.000        ; 0.000      ; 5.298      ;
; 5.083  ; clk_div:inst_clk_div|tick_cnt[9]  ; clk_div:inst_clk_div|tick_cnt[9]  ; clk_in                       ; clk_in      ; 0.000        ; 0.000      ; 5.304      ;
; 5.095  ; clk_div:inst_clk_div|tick_cnt[7]  ; clk_div:inst_clk_div|tick_cnt[7]  ; clk_in                       ; clk_in      ; 0.000        ; 0.000      ; 5.316      ;
; 5.096  ; clk_div:inst_clk_div|tick_cnt[28] ; clk_div:inst_clk_div|clk_led      ; clk_in                       ; clk_in      ; 0.000        ; 0.000      ; 5.317      ;
; 5.102  ; clk_div:inst_clk_div|tick_cnt[25] ; clk_div:inst_clk_div|tick_cnt[25] ; clk_in                       ; clk_in      ; 0.000        ; 0.000      ; 5.323      ;
; 5.105  ; clk_div:inst_clk_div|tick_cnt[22] ; clk_div:inst_clk_div|tick_cnt[22] ; clk_in                       ; clk_in      ; 0.000        ; 0.000      ; 5.326      ;
; 5.120  ; clk_div:inst_clk_div|tick_cnt[12] ; clk_div:inst_clk_div|tick_cnt[12] ; clk_in                       ; clk_in      ; 0.000        ; 0.000      ; 5.341      ;
; 5.168  ; clk_div:inst_clk_div|tick_cnt[18] ; clk_div:inst_clk_div|tick_cnt[18] ; clk_in                       ; clk_in      ; 0.000        ; 0.000      ; 5.389      ;
; 5.174  ; clk_div:inst_clk_div|tick_cnt[11] ; clk_div:inst_clk_div|tick_cnt[11] ; clk_in                       ; clk_in      ; 0.000        ; 0.000      ; 5.395      ;
; 5.230  ; clk_div:inst_clk_div|tick_cnt[1]  ; clk_div:inst_clk_div|tick_cnt[4]  ; clk_in                       ; clk_in      ; 0.000        ; 0.000      ; 5.451      ;
; 5.252  ; clk_div:inst_clk_div|tick_cnt[23] ; clk_div:inst_clk_div|clk_led      ; clk_in                       ; clk_in      ; 0.000        ; 0.000      ; 5.473      ;
; 5.286  ; clk_div:inst_clk_div|tick_cnt[19] ; clk_div:inst_clk_div|clk_led      ; clk_in                       ; clk_in      ; 0.000        ; 0.000      ; 5.507      ;
; 5.291  ; clk_div:inst_clk_div|tick_cnt[8]  ; clk_div:inst_clk_div|tick_cnt[8]  ; clk_in                       ; clk_in      ; 0.000        ; 0.000      ; 5.512      ;
; 5.293  ; clk_div:inst_clk_div|tick_cnt[24] ; clk_div:inst_clk_div|tick_cnt[24] ; clk_in                       ; clk_in      ; 0.000        ; 0.000      ; 5.514      ;
; 5.294  ; clk_div:inst_clk_div|tick_cnt[28] ; clk_div:inst_clk_div|tick_cnt[14] ; clk_in                       ; clk_in      ; 0.000        ; 0.000      ; 5.515      ;
; 5.296  ; clk_div:inst_clk_div|tick_cnt[28] ; clk_div:inst_clk_div|tick_cnt[13] ; clk_in                       ; clk_in      ; 0.000        ; 0.000      ; 5.517      ;
; 5.306  ; clk_div:inst_clk_div|tick_cnt[28] ; clk_div:inst_clk_div|tick_cnt[6]  ; clk_in                       ; clk_in      ; 0.000        ; 0.000      ; 5.527      ;
; 5.329  ; clk_div:inst_clk_div|tick_cnt[23] ; clk_div:inst_clk_div|tick_cnt[31] ; clk_in                       ; clk_in      ; 0.000        ; 0.000      ; 5.550      ;
; 5.342  ; clk_div:inst_clk_div|tick_cnt[19] ; clk_div:inst_clk_div|tick_cnt[19] ; clk_in                       ; clk_in      ; 0.000        ; 0.000      ; 5.563      ;
; 5.375  ; clk_div:inst_clk_div|tick_cnt[25] ; clk_div:inst_clk_div|clk_led      ; clk_in                       ; clk_in      ; 0.000        ; 0.000      ; 5.596      ;
; 5.381  ; clk_div:inst_clk_div|tick_cnt[20] ; clk_div:inst_clk_div|tick_cnt[31] ; clk_in                       ; clk_in      ; 0.000        ; 0.000      ; 5.602      ;
; 5.404  ; clk_div:inst_clk_div|tick_cnt[13] ; clk_div:inst_clk_div|tick_cnt[13] ; clk_in                       ; clk_in      ; 0.000        ; 0.000      ; 5.625      ;
; 5.424  ; clk_div:inst_clk_div|tick_cnt[18] ; clk_div:inst_clk_div|clk_led      ; clk_in                       ; clk_in      ; 0.000        ; 0.000      ; 5.645      ;
; 5.446  ; clk_div:inst_clk_div|tick_cnt[22] ; clk_div:inst_clk_div|tick_cnt[31] ; clk_in                       ; clk_in      ; 0.000        ; 0.000      ; 5.667      ;
; 5.450  ; clk_div:inst_clk_div|tick_cnt[23] ; clk_div:inst_clk_div|tick_cnt[14] ; clk_in                       ; clk_in      ; 0.000        ; 0.000      ; 5.671      ;
; 5.452  ; clk_div:inst_clk_div|tick_cnt[23] ; clk_div:inst_clk_div|tick_cnt[13] ; clk_in                       ; clk_in      ; 0.000        ; 0.000      ; 5.673      ;
; 5.462  ; clk_div:inst_clk_div|tick_cnt[23] ; clk_div:inst_clk_div|tick_cnt[6]  ; clk_in                       ; clk_in      ; 0.000        ; 0.000      ; 5.683      ;
; 5.468  ; clk_div:inst_clk_div|tick_cnt[4]  ; clk_div:inst_clk_div|tick_cnt[5]  ; clk_in                       ; clk_in      ; 0.000        ; 0.000      ; 5.689      ;
; 5.482  ; clk_div:inst_clk_div|tick_cnt[25] ; clk_div:inst_clk_div|tick_cnt[31] ; clk_in                       ; clk_in      ; 0.000        ; 0.000      ; 5.703      ;
; 5.483  ; clk_div:inst_clk_div|tick_cnt[23] ; clk_div:inst_clk_div|tick_cnt[30] ; clk_in                       ; clk_in      ; 0.000        ; 0.000      ; 5.704      ;
; 5.484  ; clk_div:inst_clk_div|tick_cnt[19] ; clk_div:inst_clk_div|tick_cnt[14] ; clk_in                       ; clk_in      ; 0.000        ; 0.000      ; 5.705      ;
; 5.486  ; clk_div:inst_clk_div|tick_cnt[19] ; clk_div:inst_clk_div|tick_cnt[13] ; clk_in                       ; clk_in      ; 0.000        ; 0.000      ; 5.707      ;
; 5.496  ; clk_div:inst_clk_div|tick_cnt[19] ; clk_div:inst_clk_div|tick_cnt[6]  ; clk_in                       ; clk_in      ; 0.000        ; 0.000      ; 5.717      ;
; 5.499  ; clk_div:inst_clk_div|tick_cnt[23] ; clk_div:inst_clk_div|tick_cnt[26] ; clk_in                       ; clk_in      ; 0.000        ; 0.000      ; 5.720      ;
; 5.500  ; clk_div:inst_clk_div|tick_cnt[4]  ; clk_div:inst_clk_div|tick_cnt[31] ; clk_in                       ; clk_in      ; 0.000        ; 0.000      ; 5.721      ;
; 5.504  ; clk_div:inst_clk_div|tick_cnt[0]  ; clk_div:inst_clk_div|clk_led      ; clk_in                       ; clk_in      ; 0.000        ; 0.000      ; 5.725      ;
; 5.512  ; clk_div:inst_clk_div|tick_cnt[24] ; clk_div:inst_clk_div|tick_cnt[31] ; clk_in                       ; clk_in      ; 0.000        ; 0.000      ; 5.733      ;
; 5.534  ; clk_div:inst_clk_div|tick_cnt[28] ; clk_div:inst_clk_div|clk_out      ; clk_in                       ; clk_in      ; 0.000        ; 0.000      ; 5.755      ;
; 5.535  ; clk_div:inst_clk_div|tick_cnt[20] ; clk_div:inst_clk_div|tick_cnt[30] ; clk_in                       ; clk_in      ; 0.000        ; 0.000      ; 5.756      ;
; 5.551  ; clk_div:inst_clk_div|tick_cnt[20] ; clk_div:inst_clk_div|tick_cnt[26] ; clk_in                       ; clk_in      ; 0.000        ; 0.000      ; 5.772      ;
; 5.555  ; clk_div:inst_clk_div|tick_cnt[4]  ; clk_div:inst_clk_div|tick_cnt[15] ; clk_in                       ; clk_in      ; 0.000        ; 0.000      ; 5.776      ;
; 5.573  ; clk_div:inst_clk_div|tick_cnt[25] ; clk_div:inst_clk_div|tick_cnt[14] ; clk_in                       ; clk_in      ; 0.000        ; 0.000      ; 5.794      ;
; 5.574  ; clk_div:inst_clk_div|tick_cnt[0]  ; clk_div:inst_clk_div|tick_cnt[0]  ; clk_in                       ; clk_in      ; 0.000        ; 0.000      ; 5.795      ;
; 5.575  ; clk_div:inst_clk_div|tick_cnt[25] ; clk_div:inst_clk_div|tick_cnt[13] ; clk_in                       ; clk_in      ; 0.000        ; 0.000      ; 5.796      ;
; 5.576  ; clk_div:inst_clk_div|tick_cnt[21] ; clk_div:inst_clk_div|tick_cnt[31] ; clk_in                       ; clk_in      ; 0.000        ; 0.000      ; 5.797      ;
; 5.585  ; clk_div:inst_clk_div|tick_cnt[25] ; clk_div:inst_clk_div|tick_cnt[6]  ; clk_in                       ; clk_in      ; 0.000        ; 0.000      ; 5.806      ;
; 5.600  ; clk_div:inst_clk_div|tick_cnt[22] ; clk_div:inst_clk_div|tick_cnt[30] ; clk_in                       ; clk_in      ; 0.000        ; 0.000      ; 5.821      ;
; 5.607  ; clk_div:inst_clk_div|tick_cnt[3]  ; clk_div:inst_clk_div|tick_cnt[5]  ; clk_in                       ; clk_in      ; 0.000        ; 0.000      ; 5.828      ;
; 5.616  ; clk_div:inst_clk_div|tick_cnt[22] ; clk_div:inst_clk_div|tick_cnt[26] ; clk_in                       ; clk_in      ; 0.000        ; 0.000      ; 5.837      ;
; 5.617  ; clk_div:inst_clk_div|tick_cnt[4]  ; clk_div:inst_clk_div|tick_cnt[10] ; clk_in                       ; clk_in      ; 0.000        ; 0.000      ; 5.838      ;
; 5.622  ; clk_div:inst_clk_div|tick_cnt[18] ; clk_div:inst_clk_div|tick_cnt[14] ; clk_in                       ; clk_in      ; 0.000        ; 0.000      ; 5.843      ;
; 5.624  ; clk_div:inst_clk_div|tick_cnt[18] ; clk_div:inst_clk_div|tick_cnt[13] ; clk_in                       ; clk_in      ; 0.000        ; 0.000      ; 5.845      ;
; 5.634  ; clk_div:inst_clk_div|tick_cnt[18] ; clk_div:inst_clk_div|tick_cnt[6]  ; clk_in                       ; clk_in      ; 0.000        ; 0.000      ; 5.855      ;
; 5.636  ; clk_div:inst_clk_div|tick_cnt[25] ; clk_div:inst_clk_div|tick_cnt[30] ; clk_in                       ; clk_in      ; 0.000        ; 0.000      ; 5.857      ;
; 5.639  ; clk_div:inst_clk_div|tick_cnt[3]  ; clk_div:inst_clk_div|tick_cnt[31] ; clk_in                       ; clk_in      ; 0.000        ; 0.000      ; 5.860      ;
; 5.640  ; clk_div:inst_clk_div|tick_cnt[4]  ; clk_div:inst_clk_div|tick_cnt[9]  ; clk_in                       ; clk_in      ; 0.000        ; 0.000      ; 5.861      ;
; 5.647  ; clk_div:inst_clk_div|tick_cnt[22] ; clk_div:inst_clk_div|tick_cnt[23] ; clk_in                       ; clk_in      ; 0.000        ; 0.000      ; 5.868      ;
; 5.650  ; clk_div:inst_clk_div|tick_cnt[28] ; clk_div:inst_clk_div|tick_cnt[29] ; clk_in                       ; clk_in      ; 0.000        ; 0.000      ; 5.871      ;
; 5.652  ; clk_div:inst_clk_div|tick_cnt[25] ; clk_div:inst_clk_div|tick_cnt[26] ; clk_in                       ; clk_in      ; 0.000        ; 0.000      ; 5.873      ;
; 5.654  ; clk_div:inst_clk_div|tick_cnt[4]  ; clk_div:inst_clk_div|tick_cnt[30] ; clk_in                       ; clk_in      ; 0.000        ; 0.000      ; 5.875      ;
; 5.665  ; clk_div:inst_clk_div|tick_cnt[17] ; clk_div:inst_clk_div|tick_cnt[31] ; clk_in                       ; clk_in      ; 0.000        ; 0.000      ; 5.886      ;
+--------+-----------------------------------+-----------------------------------+------------------------------+-------------+--------------+------------+------------+


+----------------------------------------------------------------------------------------------------------------------------------------------------------------------------+
; Hold: 'clk_div:inst_clk_div|clk_out'                                                                                                                                       ;
+-------+------------------------------+------------------------------+------------------------------+------------------------------+--------------+------------+------------+
; Slack ; From Node                    ; To Node                      ; Launch Clock                 ; Latch Clock                  ; Relationship ; Clock Skew ; Data Delay ;
+-------+------------------------------+------------------------------+------------------------------+------------------------------+--------------+------------+------------+
; 1.078 ; doloso_ew:inst_ew|t[2]       ; doloso_ew:inst_ew|t[2]       ; clk_div:inst_clk_div|clk_out ; clk_div:inst_clk_div|clk_out ; 0.000        ; 0.000      ; 1.299      ;
; 1.693 ; doloso_ew:inst_ew|pre_ew.EW4 ; doloso_ew:inst_ew|pre_ew.EW4 ; clk_div:inst_clk_div|clk_out ; clk_div:inst_clk_div|clk_out ; 0.000        ; 0.000      ; 1.914      ;
; 1.707 ; doloso_ew:inst_ew|t[0]       ; doloso_ew:inst_ew|t[0]       ; clk_div:inst_clk_div|clk_out ; clk_div:inst_clk_div|clk_out ; 0.000        ; 0.000      ; 1.928      ;
; 1.899 ; doloso_ns:inst_ns|pre_ns.NS1 ; doloso_ns:inst_ns|pre_ns.NS1 ; clk_div:inst_clk_div|clk_out ; clk_div:inst_clk_div|clk_out ; 0.000        ; 0.000      ; 2.120      ;
; 1.928 ; doloso_ns:inst_ns|pre_ns.NS2 ; doloso_ns:inst_ns|pre_ns.NS3 ; clk_div:inst_clk_div|clk_out ; clk_div:inst_clk_div|clk_out ; 0.000        ; 0.000      ; 2.149      ;
; 1.945 ; doloso_ew:inst_ew|pre_ew.EW2 ; doloso_ew:inst_ew|pre_ew.EW3 ; clk_div:inst_clk_div|clk_out ; clk_div:inst_clk_div|clk_out ; 0.000        ; 0.000      ; 2.166      ;
; 2.191 ; doloso_ew:inst_ew|t[0]       ; doloso_ew:inst_ew|t[2]       ; clk_div:inst_clk_div|clk_out ; clk_div:inst_clk_div|clk_out ; 0.000        ; 0.000      ; 2.412      ;
; 2.241 ; doloso_ns:inst_ns|t[0]       ; doloso_ns:inst_ns|t[0]       ; clk_div:inst_clk_div|clk_out ; clk_div:inst_clk_div|clk_out ; 0.000        ; 0.000      ; 2.462      ;
; 2.315 ; doloso_ew:inst_ew|pre_ew.EW1 ; doloso_ew:inst_ew|pre_ew.EW2 ; clk_div:inst_clk_div|clk_out ; clk_div:inst_clk_div|clk_out ; 0.000        ; 0.000      ; 2.536      ;
; 2.520 ; doloso_ew:inst_ew|pre_ew.EW3 ; doloso_ew:inst_ew|t[3]       ; clk_div:inst_clk_div|clk_out ; clk_div:inst_clk_div|clk_out ; 0.000        ; 0.000      ; 2.741      ;
; 2.550 ; doloso_ns:inst_ns|pre_ns.NS1 ; doloso_ns:inst_ns|pre_ns.NS2 ; clk_div:inst_clk_div|clk_out ; clk_div:inst_clk_div|clk_out ; 0.000        ; 0.000      ; 2.771      ;
; 2.598 ; doloso_ew:inst_ew|pre_ew.EW0 ; doloso_ew:inst_ew|t[3]       ; clk_div:inst_clk_div|clk_out ; clk_div:inst_clk_div|clk_out ; 0.000        ; 0.000      ; 2.819      ;
; 2.636 ; doloso_ew:inst_ew|pre_ew.EW0 ; doloso_ew:inst_ew|pre_ew.EW0 ; clk_div:inst_clk_div|clk_out ; clk_div:inst_clk_div|clk_out ; 0.000        ; 0.000      ; 2.857      ;
; 2.671 ; doloso_ns:inst_ns|t[3]       ; doloso_ns:inst_ns|t[3]       ; clk_div:inst_clk_div|clk_out ; clk_div:inst_clk_div|clk_out ; 0.000        ; 0.000      ; 2.892      ;
; 2.713 ; doloso_ns:inst_ns|pre_ns.NS3 ; doloso_ns:inst_ns|t[1]       ; clk_div:inst_clk_div|clk_out ; clk_div:inst_clk_div|clk_out ; 0.000        ; 0.000      ; 2.934      ;
; 2.754 ; doloso_ew:inst_ew|pre_ew.EW2 ; doloso_ew:inst_ew|t[1]       ; clk_div:inst_clk_div|clk_out ; clk_div:inst_clk_div|clk_out ; 0.000        ; 0.000      ; 2.975      ;
; 2.781 ; doloso_ew:inst_ew|t[1]       ; doloso_ew:inst_ew|pre_ew.EW1 ; clk_div:inst_clk_div|clk_out ; clk_div:inst_clk_div|clk_out ; 0.000        ; 0.000      ; 3.002      ;
; 2.910 ; doloso_ew:inst_ew|t[3]       ; doloso_ew:inst_ew|t[3]       ; clk_div:inst_clk_div|clk_out ; clk_div:inst_clk_div|clk_out ; 0.000        ; 0.000      ; 3.131      ;
; 2.960 ; doloso_ns:inst_ns|pre_ns.NS0 ; doloso_ns:inst_ns|t[2]       ; clk_div:inst_clk_div|clk_out ; clk_div:inst_clk_div|clk_out ; 0.000        ; 0.000      ; 3.181      ;
; 3.093 ; doloso_ew:inst_ew|pre_ew.EW4 ; doloso_ew:inst_ew|t[0]       ; clk_div:inst_clk_div|clk_out ; clk_div:inst_clk_div|clk_out ; 0.000        ; 0.000      ; 3.314      ;
; 3.218 ; doloso_ns:inst_ns|t[1]       ; doloso_ns:inst_ns|pre_ns.NS1 ; clk_div:inst_clk_div|clk_out ; clk_div:inst_clk_div|clk_out ; 0.000        ; 0.000      ; 3.439      ;
; 3.232 ; doloso_ew:inst_ew|t[2]       ; doloso_ew:inst_ew|t[3]       ; clk_div:inst_clk_div|clk_out ; clk_div:inst_clk_div|clk_out ; 0.000        ; 0.000      ; 3.453      ;
; 3.234 ; doloso_ns:inst_ns|pre_ns.NS3 ; doloso_ns:inst_ns|t[2]       ; clk_div:inst_clk_div|clk_out ; clk_div:inst_clk_div|clk_out ; 0.000        ; 0.000      ; 3.455      ;
; 3.257 ; doloso_ns:inst_ns|t[1]       ; doloso_ns:inst_ns|t[1]       ; clk_div:inst_clk_div|clk_out ; clk_div:inst_clk_div|clk_out ; 0.000        ; 0.000      ; 3.478      ;
; 3.270 ; doloso_ew:inst_ew|pre_ew.EW3 ; doloso_ew:inst_ew|t[0]       ; clk_div:inst_clk_div|clk_out ; clk_div:inst_clk_div|clk_out ; 0.000        ; 0.000      ; 3.491      ;
; 3.284 ; doloso_ns:inst_ns|t[1]       ; doloso_ns:inst_ns|t[3]       ; clk_div:inst_clk_div|clk_out ; clk_div:inst_clk_div|clk_out ; 0.000        ; 0.000      ; 3.505      ;
; 3.296 ; doloso_ns:inst_ns|pre_ns.NS0 ; doloso_ns:inst_ns|pre_ns.NS0 ; clk_div:inst_clk_div|clk_out ; clk_div:inst_clk_div|clk_out ; 0.000        ; 0.000      ; 3.517      ;
; 3.317 ; doloso_ew:inst_ew|t[0]       ; doloso_ew:inst_ew|pre_ew.EW0 ; clk_div:inst_clk_div|clk_out ; clk_div:inst_clk_div|clk_out ; 0.000        ; 0.000      ; 3.538      ;
; 3.381 ; doloso_ew:inst_ew|t[0]       ; doloso_ew:inst_ew|t[1]       ; clk_div:inst_clk_div|clk_out ; clk_div:inst_clk_div|clk_out ; 0.000        ; 0.000      ; 3.602      ;
; 3.393 ; doloso_ns:inst_ns|t[0]       ; doloso_ns:inst_ns|t[2]       ; clk_div:inst_clk_div|clk_out ; clk_div:inst_clk_div|clk_out ; 0.000        ; 0.000      ; 3.614      ;
; 3.406 ; doloso_ew:inst_ew|pre_ew.EW1 ; doloso_ew:inst_ew|pre_ew.EW1 ; clk_div:inst_clk_div|clk_out ; clk_div:inst_clk_div|clk_out ; 0.000        ; 0.000      ; 3.627      ;
; 3.409 ; doloso_ew:inst_ew|t[0]       ; doloso_ew:inst_ew|pre_ew.EW1 ; clk_div:inst_clk_div|clk_out ; clk_div:inst_clk_div|clk_out ; 0.000        ; 0.000      ; 3.630      ;
; 3.439 ; doloso_ew:inst_ew|pre_ew.EW0 ; doloso_ew:inst_ew|pre_ew.EW1 ; clk_div:inst_clk_div|clk_out ; clk_div:inst_clk_div|clk_out ; 0.000        ; 0.000      ; 3.660      ;
; 3.445 ; doloso_ns:inst_ns|pre_ns.NS3 ; doloso_ns:inst_ns|t[3]       ; clk_div:inst_clk_div|clk_out ; clk_div:inst_clk_div|clk_out ; 0.000        ; 0.000      ; 3.666      ;
; 3.468 ; doloso_ns:inst_ns|t[1]       ; doloso_ns:inst_ns|t[2]       ; clk_div:inst_clk_div|clk_out ; clk_div:inst_clk_div|clk_out ; 0.000        ; 0.000      ; 3.689      ;
; 3.489 ; doloso_ew:inst_ew|pre_ew.EW4 ; doloso_ew:inst_ew|t[3]       ; clk_div:inst_clk_div|clk_out ; clk_div:inst_clk_div|clk_out ; 0.000        ; 0.000      ; 3.710      ;
; 3.495 ; doloso_ns:inst_ns|pre_ns.NS2 ; doloso_ns:inst_ns|t[2]       ; clk_div:inst_clk_div|clk_out ; clk_div:inst_clk_div|clk_out ; 0.000        ; 0.000      ; 3.716      ;
; 3.502 ; doloso_ew:inst_ew|t[1]       ; doloso_ew:inst_ew|t[2]       ; clk_div:inst_clk_div|clk_out ; clk_div:inst_clk_div|clk_out ; 0.000        ; 0.000      ; 3.723      ;
; 3.656 ; doloso_ns:inst_ns|pre_ns.NS2 ; doloso_ns:inst_ns|t[3]       ; clk_div:inst_clk_div|clk_out ; clk_div:inst_clk_div|clk_out ; 0.000        ; 0.000      ; 3.877      ;
; 3.669 ; doloso_ns:inst_ns|pre_ns.NS3 ; doloso_ns:inst_ns|pre_ns.NS0 ; clk_div:inst_clk_div|clk_out ; clk_div:inst_clk_div|clk_out ; 0.000        ; 0.000      ; 3.890      ;
; 3.721 ; doloso_ns:inst_ns|t[1]       ; doloso_ns:inst_ns|t[0]       ; clk_div:inst_clk_div|clk_out ; clk_div:inst_clk_div|clk_out ; 0.000        ; 0.000      ; 3.942      ;
; 3.769 ; doloso_ns:inst_ns|t[2]       ; doloso_ns:inst_ns|t[2]       ; clk_div:inst_clk_div|clk_out ; clk_div:inst_clk_div|clk_out ; 0.000        ; 0.000      ; 3.990      ;
; 3.779 ; doloso_ns:inst_ns|pre_ns.NS0 ; doloso_ns:inst_ns|pre_ns.NS1 ; clk_div:inst_clk_div|clk_out ; clk_div:inst_clk_div|clk_out ; 0.000        ; 0.000      ; 4.000      ;
; 3.810 ; doloso_ns:inst_ns|pre_ns.NS2 ; doloso_ns:inst_ns|t[1]       ; clk_div:inst_clk_div|clk_out ; clk_div:inst_clk_div|clk_out ; 0.000        ; 0.000      ; 4.031      ;
; 3.850 ; doloso_ns:inst_ns|t[3]       ; doloso_ns:inst_ns|t[2]       ; clk_div:inst_clk_div|clk_out ; clk_div:inst_clk_div|clk_out ; 0.000        ; 0.000      ; 4.071      ;
; 3.879 ; doloso_ew:inst_ew|pre_ew.EW4 ; doloso_ew:inst_ew|pre_ew.EW0 ; clk_div:inst_clk_div|clk_out ; clk_div:inst_clk_div|clk_out ; 0.000        ; 0.000      ; 4.100      ;
; 3.882 ; doloso_ns:inst_ns|pre_ns.NS3 ; doloso_ns:inst_ns|t[0]       ; clk_div:inst_clk_div|clk_out ; clk_div:inst_clk_div|clk_out ; 0.000        ; 0.000      ; 4.103      ;
; 3.890 ; doloso_ns:inst_ns|pre_ns.NS1 ; doloso_ns:inst_ns|t[1]       ; clk_div:inst_clk_div|clk_out ; clk_div:inst_clk_div|clk_out ; 0.000        ; 0.000      ; 4.111      ;
; 3.965 ; doloso_ew:inst_ew|t[0]       ; doloso_ew:inst_ew|t[3]       ; clk_div:inst_clk_div|clk_out ; clk_div:inst_clk_div|clk_out ; 0.000        ; 0.000      ; 4.186      ;
; 4.001 ; doloso_ew:inst_ew|pre_ew.EW3 ; doloso_ew:inst_ew|pre_ew.EW0 ; clk_div:inst_clk_div|clk_out ; clk_div:inst_clk_div|clk_out ; 0.000        ; 0.000      ; 4.222      ;
; 4.014 ; doloso_ew:inst_ew|pre_ew.EW0 ; doloso_ew:inst_ew|t[1]       ; clk_div:inst_clk_div|clk_out ; clk_div:inst_clk_div|clk_out ; 0.000        ; 0.000      ; 4.235      ;
; 4.051 ; doloso_ns:inst_ns|t[2]       ; doloso_ns:inst_ns|t[3]       ; clk_div:inst_clk_div|clk_out ; clk_div:inst_clk_div|clk_out ; 0.000        ; 0.000      ; 4.272      ;
; 4.093 ; doloso_ns:inst_ns|pre_ns.NS2 ; doloso_ns:inst_ns|t[0]       ; clk_div:inst_clk_div|clk_out ; clk_div:inst_clk_div|clk_out ; 0.000        ; 0.000      ; 4.314      ;
; 4.111 ; doloso_ew:inst_ew|pre_ew.EW0 ; doloso_ew:inst_ew|t[2]       ; clk_div:inst_clk_div|clk_out ; clk_div:inst_clk_div|clk_out ; 0.000        ; 0.000      ; 4.332      ;
; 4.140 ; doloso_ew:inst_ew|pre_ew.EW1 ; doloso_ew:inst_ew|t[2]       ; clk_div:inst_clk_div|clk_out ; clk_div:inst_clk_div|clk_out ; 0.000        ; 0.000      ; 4.361      ;
; 4.152 ; doloso_ew:inst_ew|t[0]       ; doloso_ew:inst_ew|pre_ew.EW3 ; clk_div:inst_clk_div|clk_out ; clk_div:inst_clk_div|clk_out ; 0.000        ; 0.000      ; 4.373      ;
; 4.152 ; doloso_ew:inst_ew|t[0]       ; doloso_ew:inst_ew|pre_ew.EW2 ; clk_div:inst_clk_div|clk_out ; clk_div:inst_clk_div|clk_out ; 0.000        ; 0.000      ; 4.373      ;
; 4.217 ; doloso_ns:inst_ns|t[1]       ; doloso_ns:inst_ns|pre_ns.NS0 ; clk_div:inst_clk_div|clk_out ; clk_div:inst_clk_div|clk_out ; 0.000        ; 0.000      ; 4.438      ;
; 4.225 ; doloso_ns:inst_ns|pre_ns.NS0 ; doloso_ns:inst_ns|t[1]       ; clk_div:inst_clk_div|clk_out ; clk_div:inst_clk_div|clk_out ; 0.000        ; 0.000      ; 4.446      ;
; 4.227 ; doloso_ew:inst_ew|pre_ew.EW3 ; doloso_ew:inst_ew|t[1]       ; clk_div:inst_clk_div|clk_out ; clk_div:inst_clk_div|clk_out ; 0.000        ; 0.000      ; 4.448      ;
; 4.240 ; doloso_ns:inst_ns|t[2]       ; doloso_ns:inst_ns|pre_ns.NS1 ; clk_div:inst_clk_div|clk_out ; clk_div:inst_clk_div|clk_out ; 0.000        ; 0.000      ; 4.461      ;
; 4.259 ; doloso_ew:inst_ew|t[1]       ; doloso_ew:inst_ew|t[3]       ; clk_div:inst_clk_div|clk_out ; clk_div:inst_clk_div|clk_out ; 0.000        ; 0.000      ; 4.480      ;
; 4.297 ; doloso_ns:inst_ns|pre_ns.NS1 ; doloso_ns:inst_ns|t[2]       ; clk_div:inst_clk_div|clk_out ; clk_div:inst_clk_div|clk_out ; 0.000        ; 0.000      ; 4.518      ;
; 4.307 ; doloso_ns:inst_ns|t[0]       ; doloso_ns:inst_ns|pre_ns.NS0 ; clk_div:inst_clk_div|clk_out ; clk_div:inst_clk_div|clk_out ; 0.000        ; 0.000      ; 4.528      ;
; 4.345 ; doloso_ew:inst_ew|pre_ew.EW3 ; doloso_ew:inst_ew|t[2]       ; clk_div:inst_clk_div|clk_out ; clk_div:inst_clk_div|clk_out ; 0.000        ; 0.000      ; 4.566      ;
; 4.360 ; doloso_ns:inst_ns|t[0]       ; doloso_ns:inst_ns|t[3]       ; clk_div:inst_clk_div|clk_out ; clk_div:inst_clk_div|clk_out ; 0.000        ; 0.000      ; 4.581      ;
; 4.399 ; doloso_ew:inst_ew|t[3]       ; doloso_ew:inst_ew|pre_ew.EW1 ; clk_div:inst_clk_div|clk_out ; clk_div:inst_clk_div|clk_out ; 0.000        ; 0.000      ; 4.620      ;
; 4.437 ; doloso_ew:inst_ew|t[3]       ; doloso_ew:inst_ew|t[1]       ; clk_div:inst_clk_div|clk_out ; clk_div:inst_clk_div|clk_out ; 0.000        ; 0.000      ; 4.658      ;
; 4.446 ; doloso_ew:inst_ew|pre_ew.EW1 ; doloso_ew:inst_ew|t[1]       ; clk_div:inst_clk_div|clk_out ; clk_div:inst_clk_div|clk_out ; 0.000        ; 0.000      ; 4.667      ;
; 4.446 ; doloso_ew:inst_ew|t[1]       ; doloso_ew:inst_ew|pre_ew.EW3 ; clk_div:inst_clk_div|clk_out ; clk_div:inst_clk_div|clk_out ; 0.000        ; 0.000      ; 4.667      ;
; 4.446 ; doloso_ew:inst_ew|t[1]       ; doloso_ew:inst_ew|pre_ew.EW2 ; clk_div:inst_clk_div|clk_out ; clk_div:inst_clk_div|clk_out ; 0.000        ; 0.000      ; 4.667      ;
; 4.447 ; doloso_ns:inst_ns|t[2]       ; doloso_ns:inst_ns|pre_ns.NS0 ; clk_div:inst_clk_div|clk_out ; clk_div:inst_clk_div|clk_out ; 0.000        ; 0.000      ; 4.668      ;
; 4.482 ; doloso_ew:inst_ew|t[1]       ; doloso_ew:inst_ew|pre_ew.EW0 ; clk_div:inst_clk_div|clk_out ; clk_div:inst_clk_div|clk_out ; 0.000        ; 0.000      ; 4.703      ;
; 4.488 ; doloso_ns:inst_ns|t[2]       ; doloso_ns:inst_ns|t[0]       ; clk_div:inst_clk_div|clk_out ; clk_div:inst_clk_div|clk_out ; 0.000        ; 0.000      ; 4.709      ;
; 4.506 ; doloso_ew:inst_ew|t[1]       ; doloso_ew:inst_ew|t[0]       ; clk_div:inst_clk_div|clk_out ; clk_div:inst_clk_div|clk_out ; 0.000        ; 0.000      ; 4.727      ;
; 4.511 ; doloso_ew:inst_ew|pre_ew.EW4 ; doloso_ns:inst_ns|t[3]       ; clk_div:inst_clk_div|clk_out ; clk_div:inst_clk_div|clk_out ; 0.000        ; 0.000      ; 4.732      ;
; 4.549 ; doloso_ns:inst_ns|t[0]       ; doloso_ns:inst_ns|pre_ns.NS1 ; clk_div:inst_clk_div|clk_out ; clk_div:inst_clk_div|clk_out ; 0.000        ; 0.000      ; 4.770      ;
; 4.554 ; doloso_ew:inst_ew|t[2]       ; doloso_ew:inst_ew|t[1]       ; clk_div:inst_clk_div|clk_out ; clk_div:inst_clk_div|clk_out ; 0.000        ; 0.000      ; 4.775      ;
; 4.559 ; doloso_ns:inst_ns|t[3]       ; doloso_ns:inst_ns|pre_ns.NS0 ; clk_div:inst_clk_div|clk_out ; clk_div:inst_clk_div|clk_out ; 0.000        ; 0.000      ; 4.780      ;
; 4.575 ; doloso_ew:inst_ew|t[1]       ; doloso_ew:inst_ew|t[1]       ; clk_div:inst_clk_div|clk_out ; clk_div:inst_clk_div|clk_out ; 0.000        ; 0.000      ; 4.796      ;
; 4.608 ; doloso_ew:inst_ew|t[3]       ; doloso_ew:inst_ew|pre_ew.EW3 ; clk_div:inst_clk_div|clk_out ; clk_div:inst_clk_div|clk_out ; 0.000        ; 0.000      ; 4.829      ;
; 4.608 ; doloso_ew:inst_ew|t[3]       ; doloso_ew:inst_ew|pre_ew.EW2 ; clk_div:inst_clk_div|clk_out ; clk_div:inst_clk_div|clk_out ; 0.000        ; 0.000      ; 4.829      ;
; 4.609 ; doloso_ew:inst_ew|t[2]       ; doloso_ew:inst_ew|pre_ew.EW1 ; clk_div:inst_clk_div|clk_out ; clk_div:inst_clk_div|clk_out ; 0.000        ; 0.000      ; 4.830      ;
; 4.621 ; doloso_ew:inst_ew|t[3]       ; doloso_ew:inst_ew|pre_ew.EW0 ; clk_div:inst_clk_div|clk_out ; clk_div:inst_clk_div|clk_out ; 0.000        ; 0.000      ; 4.842      ;
; 4.639 ; doloso_ns:inst_ns|t[3]       ; doloso_ns:inst_ns|pre_ns.NS1 ; clk_div:inst_clk_div|clk_out ; clk_div:inst_clk_div|clk_out ; 0.000        ; 0.000      ; 4.860      ;
; 4.659 ; doloso_ns:inst_ns|t[2]       ; doloso_ns:inst_ns|t[1]       ; clk_div:inst_clk_div|clk_out ; clk_div:inst_clk_div|clk_out ; 0.000        ; 0.000      ; 4.880      ;
; 4.700 ; doloso_ew:inst_ew|t[3]       ; doloso_ew:inst_ew|t[0]       ; clk_div:inst_clk_div|clk_out ; clk_div:inst_clk_div|clk_out ; 0.000        ; 0.000      ; 4.921      ;
; 4.722 ; doloso_ew:inst_ew|pre_ew.EW2 ; doloso_ew:inst_ew|t[2]       ; clk_div:inst_clk_div|clk_out ; clk_div:inst_clk_div|clk_out ; 0.000        ; 0.000      ; 4.943      ;
; 4.738 ; doloso_ew:inst_ew|t[2]       ; doloso_ew:inst_ew|pre_ew.EW0 ; clk_div:inst_clk_div|clk_out ; clk_div:inst_clk_div|clk_out ; 0.000        ; 0.000      ; 4.959      ;
; 4.767 ; doloso_ew:inst_ew|pre_ew.EW4 ; doloso_ns:inst_ns|pre_ns.NS0 ; clk_div:inst_clk_div|clk_out ; clk_div:inst_clk_div|clk_out ; 0.000        ; 0.000      ; 4.988      ;
; 4.779 ; doloso_ns:inst_ns|t[0]       ; doloso_ns:inst_ns|t[1]       ; clk_div:inst_clk_div|clk_out ; clk_div:inst_clk_div|clk_out ; 0.000        ; 0.000      ; 5.000      ;
; 4.817 ; doloso_ew:inst_ew|t[2]       ; doloso_ew:inst_ew|t[0]       ; clk_div:inst_clk_div|clk_out ; clk_div:inst_clk_div|clk_out ; 0.000        ; 0.000      ; 5.038      ;
; 4.818 ; doloso_ew:inst_ew|t[2]       ; doloso_ew:inst_ew|pre_ew.EW3 ; clk_div:inst_clk_div|clk_out ; clk_div:inst_clk_div|clk_out ; 0.000        ; 0.000      ; 5.039      ;
; 4.818 ; doloso_ew:inst_ew|t[2]       ; doloso_ew:inst_ew|pre_ew.EW2 ; clk_div:inst_clk_div|clk_out ; clk_div:inst_clk_div|clk_out ; 0.000        ; 0.000      ; 5.039      ;
; 4.887 ; doloso_ns:inst_ns|t[3]       ; doloso_ns:inst_ns|t[0]       ; clk_div:inst_clk_div|clk_out ; clk_div:inst_clk_div|clk_out ; 0.000        ; 0.000      ; 5.108      ;
; 4.906 ; doloso_ew:inst_ew|t[3]       ; doloso_ew:inst_ew|t[2]       ; clk_div:inst_clk_div|clk_out ; clk_div:inst_clk_div|clk_out ; 0.000        ; 0.000      ; 5.127      ;
; 4.935 ; doloso_ns:inst_ns|t[3]       ; doloso_ns:inst_ns|t[1]       ; clk_div:inst_clk_div|clk_out ; clk_div:inst_clk_div|clk_out ; 0.000        ; 0.000      ; 5.156      ;
; 4.948 ; doloso_ew:inst_ew|pre_ew.EW4 ; doloso_ns:inst_ns|t[0]       ; clk_div:inst_clk_div|clk_out ; clk_div:inst_clk_div|clk_out ; 0.000        ; 0.000      ; 5.169      ;
; 5.031 ; doloso_ns:inst_ns|t[0]       ; doloso_ns:inst_ns|pre_ns.NS3 ; clk_div:inst_clk_div|clk_out ; clk_div:inst_clk_div|clk_out ; 0.000        ; 0.000      ; 5.252      ;
; 5.031 ; doloso_ns:inst_ns|t[0]       ; doloso_ns:inst_ns|pre_ns.NS2 ; clk_div:inst_clk_div|clk_out ; clk_div:inst_clk_div|clk_out ; 0.000        ; 0.000      ; 5.252      ;
+-------+------------------------------+------------------------------+------------------------------+------------------------------+--------------+------------+------------+


+---------------------------------------------------------------------------------------------------------+
; Setup Transfers                                                                                         ;
+------------------------------+------------------------------+----------+----------+----------+----------+
; From Clock                   ; To Clock                     ; RR Paths ; FR Paths ; RF Paths ; FF Paths ;
+------------------------------+------------------------------+----------+----------+----------+----------+
; clk_div:inst_clk_div|clk_out ; clk_div:inst_clk_div|clk_out ; 154      ; 0        ; 0        ; 0        ;
; clk_div:inst_clk_div|clk_out ; clk_in                       ; 1        ; 1        ; 0        ; 0        ;
; clk_in                       ; clk_in                       ; 1361     ; 0        ; 0        ; 0        ;
+------------------------------+------------------------------+----------+----------+----------+----------+
Entries labeled "false path" only account for clock-to-clock false paths and not path-based false paths. As a result, actual path counts may be lower than reported.


+---------------------------------------------------------------------------------------------------------+
; Hold Transfers                                                                                          ;
+------------------------------+------------------------------+----------+----------+----------+----------+
; From Clock                   ; To Clock                     ; RR Paths ; FR Paths ; RF Paths ; FF Paths ;
+------------------------------+------------------------------+----------+----------+----------+----------+
; clk_div:inst_clk_div|clk_out ; clk_div:inst_clk_div|clk_out ; 154      ; 0        ; 0        ; 0        ;
; clk_div:inst_clk_div|clk_out ; clk_in                       ; 1        ; 1        ; 0        ; 0        ;
; clk_in                       ; clk_in                       ; 1361     ; 0        ; 0        ; 0        ;
+------------------------------+------------------------------+----------+----------+----------+----------+
Entries labeled "false path" only account for clock-to-clock false paths and not path-based false paths. As a result, actual path counts may be lower than reported.


---------------
; Report TCCS ;
---------------
No dedicated SERDES Transmitter circuitry present in device or used in design


---------------
; Report RSKM ;
---------------
No non-DPA dedicated SERDES Receiver circuitry present in device or used in design


+------------------------------------------------+
; Unconstrained Paths Summary                    ;
+---------------------------------+-------+------+
; Property                        ; Setup ; Hold ;
+---------------------------------+-------+------+
; Illegal Clocks                  ; 0     ; 0    ;
; Unconstrained Clocks            ; 0     ; 0    ;
; Unconstrained Input Ports       ; 3     ; 3    ;
; Unconstrained Input Port Paths  ; 51    ; 51   ;
; Unconstrained Output Ports      ; 25    ; 25   ;
; Unconstrained Output Port Paths ; 69    ; 69   ;
+---------------------------------+-------+------+


+----------------------------------------------------------------------------------+
; Clock Status Summary                                                             ;
+------------------------------+------------------------------+------+-------------+
; Target                       ; Clock                        ; Type ; Status      ;
+------------------------------+------------------------------+------+-------------+
; clk_div:inst_clk_div|clk_out ; clk_div:inst_clk_div|clk_out ; Base ; Constrained ;
; clk_in                       ; clk_in                       ; Base ; Constrained ;
+------------------------------+------------------------------+------+-------------+


+---------------------------------------------------------------------------------------------------+
; Unconstrained Input Ports                                                                         ;
+------------+--------------------------------------------------------------------------------------+
; Input Port ; Comment                                                                              ;
+------------+--------------------------------------------------------------------------------------+
; en         ; No input delay, min/max delays, false-path exceptions, or max skew assignments found ;
; ovr        ; No input delay, min/max delays, false-path exceptions, or max skew assignments found ;
; rst_n      ; No input delay, min/max delays, false-path exceptions, or max skew assignments found ;
+------------+--------------------------------------------------------------------------------------+


+-----------------------------------------------------------------------------------------------------------+
; Unconstrained Output Ports                                                                                ;
+-------------------+---------------------------------------------------------------------------------------+
; Output Port       ; Comment                                                                               ;
+-------------------+---------------------------------------------------------------------------------------+
; clk_led           ; No output delay, min/max delays, false-path exceptions, or max skew assignments found ;
; ew_car_leds[0]    ; No output delay, min/max delays, false-path exceptions, or max skew assignments found ;
; ew_car_leds[1]    ; No output delay, min/max delays, false-path exceptions, or max skew assignments found ;
; ew_car_leds[2]    ; No output delay, min/max delays, false-path exceptions, or max skew assignments found ;
; ew_ped_leds[0]    ; No output delay, min/max delays, false-path exceptions, or max skew assignments found ;
; ew_ped_leds[1]    ; No output delay, min/max delays, false-path exceptions, or max skew assignments found ;
; ew_seg_display[0] ; No output delay, min/max delays, false-path exceptions, or max skew assignments found ;
; ew_seg_display[1] ; No output delay, min/max delays, false-path exceptions, or max skew assignments found ;
; ew_seg_display[2] ; No output delay, min/max delays, false-path exceptions, or max skew assignments found ;
; ew_seg_display[3] ; No output delay, min/max delays, false-path exceptions, or max skew assignments found ;
; ew_seg_display[4] ; No output delay, min/max delays, false-path exceptions, or max skew assignments found ;
; ew_seg_display[5] ; No output delay, min/max delays, false-path exceptions, or max skew assignments found ;
; ew_seg_display[6] ; No output delay, min/max delays, false-path exceptions, or max skew assignments found ;
; ns_car_leds[0]    ; No output delay, min/max delays, false-path exceptions, or max skew assignments found ;
; ns_car_leds[1]    ; No output delay, min/max delays, false-path exceptions, or max skew assignments found ;
; ns_car_leds[2]    ; No output delay, min/max delays, false-path exceptions, or max skew assignments found ;
; ns_ped_leds[0]    ; No output delay, min/max delays, false-path exceptions, or max skew assignments found ;
; ns_ped_leds[1]    ; No output delay, min/max delays, false-path exceptions, or max skew assignments found ;
; ns_seg_display[0] ; No output delay, min/max delays, false-path exceptions, or max skew assignments found ;
; ns_seg_display[1] ; No output delay, min/max delays, false-path exceptions, or max skew assignments found ;
; ns_seg_display[2] ; No output delay, min/max delays, false-path exceptions, or max skew assignments found ;
; ns_seg_display[3] ; No output delay, min/max delays, false-path exceptions, or max skew assignments found ;
; ns_seg_display[4] ; No output delay, min/max delays, false-path exceptions, or max skew assignments found ;
; ns_seg_display[5] ; No output delay, min/max delays, false-path exceptions, or max skew assignments found ;
; ns_seg_display[6] ; No output delay, min/max delays, false-path exceptions, or max skew assignments found ;
+-------------------+---------------------------------------------------------------------------------------+


+---------------------------------------------------------------------------------------------------+
; Unconstrained Input Ports                                                                         ;
+------------+--------------------------------------------------------------------------------------+
; Input Port ; Comment                                                                              ;
+------------+--------------------------------------------------------------------------------------+
; en         ; No input delay, min/max delays, false-path exceptions, or max skew assignments found ;
; ovr        ; No input delay, min/max delays, false-path exceptions, or max skew assignments found ;
; rst_n      ; No input delay, min/max delays, false-path exceptions, or max skew assignments found ;
+------------+--------------------------------------------------------------------------------------+


+-----------------------------------------------------------------------------------------------------------+
; Unconstrained Output Ports                                                                                ;
+-------------------+---------------------------------------------------------------------------------------+
; Output Port       ; Comment                                                                               ;
+-------------------+---------------------------------------------------------------------------------------+
; clk_led           ; No output delay, min/max delays, false-path exceptions, or max skew assignments found ;
; ew_car_leds[0]    ; No output delay, min/max delays, false-path exceptions, or max skew assignments found ;
; ew_car_leds[1]    ; No output delay, min/max delays, false-path exceptions, or max skew assignments found ;
; ew_car_leds[2]    ; No output delay, min/max delays, false-path exceptions, or max skew assignments found ;
; ew_ped_leds[0]    ; No output delay, min/max delays, false-path exceptions, or max skew assignments found ;
; ew_ped_leds[1]    ; No output delay, min/max delays, false-path exceptions, or max skew assignments found ;
; ew_seg_display[0] ; No output delay, min/max delays, false-path exceptions, or max skew assignments found ;
; ew_seg_display[1] ; No output delay, min/max delays, false-path exceptions, or max skew assignments found ;
; ew_seg_display[2] ; No output delay, min/max delays, false-path exceptions, or max skew assignments found ;
; ew_seg_display[3] ; No output delay, min/max delays, false-path exceptions, or max skew assignments found ;
; ew_seg_display[4] ; No output delay, min/max delays, false-path exceptions, or max skew assignments found ;
; ew_seg_display[5] ; No output delay, min/max delays, false-path exceptions, or max skew assignments found ;
; ew_seg_display[6] ; No output delay, min/max delays, false-path exceptions, or max skew assignments found ;
; ns_car_leds[0]    ; No output delay, min/max delays, false-path exceptions, or max skew assignments found ;
; ns_car_leds[1]    ; No output delay, min/max delays, false-path exceptions, or max skew assignments found ;
; ns_car_leds[2]    ; No output delay, min/max delays, false-path exceptions, or max skew assignments found ;
; ns_ped_leds[0]    ; No output delay, min/max delays, false-path exceptions, or max skew assignments found ;
; ns_ped_leds[1]    ; No output delay, min/max delays, false-path exceptions, or max skew assignments found ;
; ns_seg_display[0] ; No output delay, min/max delays, false-path exceptions, or max skew assignments found ;
; ns_seg_display[1] ; No output delay, min/max delays, false-path exceptions, or max skew assignments found ;
; ns_seg_display[2] ; No output delay, min/max delays, false-path exceptions, or max skew assignments found ;
; ns_seg_display[3] ; No output delay, min/max delays, false-path exceptions, or max skew assignments found ;
; ns_seg_display[4] ; No output delay, min/max delays, false-path exceptions, or max skew assignments found ;
; ns_seg_display[5] ; No output delay, min/max delays, false-path exceptions, or max skew assignments found ;
; ns_seg_display[6] ; No output delay, min/max delays, false-path exceptions, or max skew assignments found ;
+-------------------+---------------------------------------------------------------------------------------+


+--------------------------+
; Timing Analyzer Messages ;
+--------------------------+
Info: *******************************************************************
Info: Running Quartus Prime Timing Analyzer
    Info: Version 25.1std.0 Build 1129 10/21/2025 SC Lite Edition
    Info: Processing started: Sat Jun 27 17:10:49 2026
Info: Command: quartus_sta doloso -c doloso
Info: qsta_default_script.tcl version: #1
Warning (18236): Number of processors has not been specified which may cause overloading on shared machines.  Set the global assignment NUM_PARALLEL_PROCESSORS in your QSF to an appropriate value for best performance.
Info (20030): Parallel compilation is enabled and will use 4 of the 4 processors detected
Info (21077): Low junction temperature is 0 degrees C
Info (21077): High junction temperature is 85 degrees C
Info (334003): Started post-fitting delay annotation
Info (334004): Delay annotation completed successfully
Critical Warning (332012): Synopsys Design Constraints File file not found: 'doloso.sdc'. A Synopsys Design Constraints File is required by the Timing Analyzer to get proper timing constraints. Without it, the Compiler will not properly optimize the design.
Info (332142): No user constrained base clocks found in the design. Calling "derive_clocks -period 1.0"
Info (332105): Deriving Clocks
    Info (332105): create_clock -period 1.000 -name clk_div:inst_clk_div|clk_out clk_div:inst_clk_div|clk_out
    Info (332105): create_clock -period 1.000 -name clk_in clk_in
Info: Found TIMING_ANALYZER_REPORT_SCRIPT_INCLUDE_DEFAULT_ANALYSIS = ON
Info: Can't run Report Timing Closure Recommendations. The current device family is not supported.
Critical Warning (332148): Timing requirements not met
Info (332146): Worst-case setup slack is -8.041
    Info (332119):     Slack       End Point TNS Clock 
    Info (332119): ========= =================== =====================
    Info (332119):    -8.041            -232.771 clk_in 
    Info (332119):    -4.837             -73.115 clk_div:inst_clk_div|clk_out 
Info (332146): Worst-case hold slack is -2.084
    Info (332119):     Slack       End Point TNS Clock 
    Info (332119): ========= =================== =====================
    Info (332119):    -2.084              -2.084 clk_in 
    Info (332119):     1.078               0.000 clk_div:inst_clk_div|clk_out 
Info (332140): No Recovery paths to report
Info (332140): No Removal paths to report
Info (332146): Worst-case minimum pulse width slack is -2.289
    Info (332119):     Slack       End Point TNS Clock 
    Info (332119): ========= =================== =====================
    Info (332119):    -2.289              -2.289 clk_in 
    Info (332119):     0.234               0.000 clk_div:inst_clk_div|clk_out 
Info (332001): The selected device family is not supported by the report_metastability command.
Info (332102): Design is not fully constrained for setup requirements
Info (332102): Design is not fully constrained for hold requirements
Info: Quartus Prime Timing Analyzer was successful. 0 errors, 3 warnings
    Info: Peak virtual memory: 4697 megabytes
    Info: Processing ended: Sat Jun 27 17:10:51 2026
    Info: Elapsed time: 00:00:02
    Info: Total CPU time (on all processors): 00:00:02


